1>> caseval("init geogebra")
1<< "geogebra mode on"
2>> fractionalPart(x):=sign(x)*(abs(x)-floor(abs(x)))
2<<  (x)->sign(x)*(abs(x)-floor(abs(x)))
3>> is3dpoint(x):=when(size(x[1])==3 && subtype(x[1])==20,true,false)
3<<  (x)->when((((size(x[1]))==3)) && (((subtype(x[1]))==20)),true,false)
4>> xcoord(a):=when(type(a)==DOM_IDENT,xcoordsymb(a),when(a[0]=='pnt',when(is3dpoint(a),a[1][0],real(a[1])),when(a[0]=='=',coeff(a[1]-a[2],x,1),a[0])))
4<<  (a)->when(((type(a))==identifier),xcoordsymb(a),when(((a[0])=='pnt'),when(is3dpoint(a),(a[1])[0],real(a[1])),when(((a[0])=='='),coeff(a[1]-(a[2]),x,1),a[0])))
5>> ycoord(a):=when(type(a)==DOM_IDENT,ycoordsymb(a),when(a[0]=='pnt',when(is3dpoint(a),a[1][1],im(a[1])),when(a[0]=='=',coeff(a[1]-a[2],y,1),a[1])))
5<<  (a)->when(((type(a))==identifier),ycoordsymb(a),when(((a[0])=='pnt'),when(is3dpoint(a),(a[1])[1],im(a[1])),when(((a[0])=='='),coeff(a[1]-(a[2]),y,1),a[1])))
6>> zcoord(a):=when(type(a)==DOM_IDENT,zcoordsymb(a),when(a[0]=='pnt',when(is3dpoint(a),a[1][2],0),when(length(a)<3 && a[0] != '=',0,when(a[0]=='=',coeff(a[1]-a[2],z,1),a[2]))))
6<<  (a)->when(((type(a))==identifier),zcoordsymb(a),when(((a[0])=='pnt'),when(is3dpoint(a),(a[1])[2],0),when(((length(a))<3) && ((a[0])<>'='),0,when(((a[0])=='='),coeff(a[1]-(a[2]),z,1),a[2]))))
7>> degasin(x):=normal(asin(x)/pi*180)*unicode0176u
7<<  (x)->normal(asin(x)/pi*180)*unicode0176u
8>> degacos(x):=normal(acos(x)/pi*180)*unicode0176u
8<<  (x)->normal(acos(x)/pi*180)*unicode0176u
9>> degatan(x):=normal(atan(x)/pi*180)*unicode0176u
9<<  (x)->normal(atan(x)/pi*180)*unicode0176u
10>> degatan2(y,x):=normal(arg(x+i*y)/pi*180)*unicode0176u
10<<  (y,x)->normal(arg(x+ί*y)/pi*180)*unicode0176u
11>> ggbabs(x):=when(x[0]=='pnt' || (type(x)==DOM_LIST && subtype(x)==27),l2norm(x),abs(x))
11<<  (x)->when((((x[0])=='pnt')) || ((((type(x))==vector)) && (((subtype(x))==27))),l2norm(x),abs(x))
12>> ggb_is_zero(x):=when(x==0,true,when(type(x)=='DOM_LIST',max(flatten({x,0}))==min(flatten({x,0}))&&min(flatten({x,0}))==0,when(x[0]=='=',lhs(x)==0&&rhs(x)==0,false)))
12<<  (x)->when((x==0),true,when(((type(x))==vector),(((max(flatten({x,0})))==(min(flatten({x,0}))))) && (((min(flatten({x,0})))==0)),when(((x[0])=='='),(((lhs(x))==0)) && (((rhs(x))==0)),false)))
13>> caseval(regroup([[[ggbevalarg:=tan((pi)/(2))],[ggbevalans:=regroup(normal(ggbevalarg))],[ggbevalans2:=regroup(ggbevalarg)]], when(length(""+ggbevalans)<=length(""+ggbevalans2),ggbevalans,ggbevalans2)][1]))
13<< ?
14>> caseval(regroup(convert([[0,-1],[1,0]]*(point(2,3)),25)))
14<< (-3,2)
15>> caseval(regroup({ggbtmpvara, ggbtmpvarb, ggbtmpvarc} intersect {ggbtmpvarc, ggbtmpvard}))
15<< {ggbtmpvarc}
16>> caseval(regroup(ggbsort([[[ggbcsans:=0/0],[ggbcsans:=(x)^(2)=-(3)],[ggbvars:=lname(ggbcsans)]],regroup(csolve((x)^(2)=-(3),when(size(ggbvars)==1,ggbvars[0],x)))][1])))
16<< {x=(ί*√3),x=((-ί)*√3)}
17>> caseval(regroup(ggbsort([[[ggbcsans:=0/0],[ggbcsans:=(x)^(2)=-(1)],[ggbvars:=lname(ggbcsans)]],regroup(csolve((x)^(2)=-(1),when(size(ggbvars)==1,ggbvars[0],x)))][1])))
17<< {x=(ί),x=(-ί)}
18>> caseval(regroup(ggbsort(regroup(csolve({(((-(180))*((x)^(2)))+((16)*((y)^(2))))+((1260)*(x))=2025, ((-(48))*((x)^(2)))+((y)^(2))=-(48), (((-(132))*((x)^(2)))+((64)*((y)^(2))))-((924)*(x))=1089},{x, y})))))
18<< {{x=(19/14),y=(6/7*√55)},{x=(19/14),y=(-6/7*√55)}}
19>> caseval(regroup(ggbsort(regroup(csolve({(y)^(2)=(x)-(1), x=((2)*(y))-(1)},{x, y})))))
19<< {{x=(1-2*ί),y=(1-ί)},{x=(1+2*ί),y=(1+ί)}}
20>> caseval(regroup(ggbsort(regroup(csolve((z)^(2)=(ggbtmpvark)*((ggbtmpvara)^(2)),z)))))
20<< {z=(-√(ggbtmpvara^2*ggbtmpvark)),z=(√(ggbtmpvara^2*ggbtmpvark))}
21>> caseval(regroup(ggbsort(regroup(csolve(((x)^(2))+(1)=0,x)))))
21<< {x=(ί),x=(-ί)}
22>> caseval(regroup([[ggbnumans:=[[ggblimvans:=?],[ggblimvans:=limit((((tan(x))^(2))*((1)-(sin(x))))/(x),(1570796326/1000000000))], [ggblimvans:=when(ggblimvans==inf || ggblimvans==-inf || ggblimvans==undef,ggblimvans,regroup(ggblimvans))],ggblimvans][3]],when(dim(lname(ggbnumans))==0 || lname(ggbnumans)==[unicode0176u],evalf(ggbnumans,30),evalf(regroup(normal(ggbnumans)),30))][1]))
22<< 0.318309886343627006293367151662
23>> caseval(regroup([[ggbderivarg0:=Beta(2, x)], regroup(diff(ggbderivarg0, when(length(lname(ggbderivarg0))==0,x,when(count_eq(x,lname(ggbderivarg0))==0,lname(ggbderivarg0)[0],x))))][1]))
23<< (Gamma(x)*Gamma(x+2)*Psi(x)-Gamma(x)*Gamma(x+2)*Psi(x+2))/Gamma(x+2)^2
24>> caseval(regroup([[ggbderivarg0:=(x)*(Beta(ggbtmpvara, ggbtmpvarb, x))], regroup(diff(ggbderivarg0, when(length(lname(ggbderivarg0))==0,x,when(count_eq(x,lname(ggbderivarg0))==0,lname(ggbderivarg0)[0],x))))][1]))
24<< x^ggbtmpvara*(-x+1)^(ggbtmpvarb-1)+Beta(ggbtmpvara,ggbtmpvarb,x)
25>> caseval(regroup(when ( type({67000=(ggbtmpvarc)*((ggbtmpvara)^(2007)), 3=(ggbtmpvarc)*((ggbtmpvara)^(9))}) == DOM_SYMBOLIC && type({ggbtmpvarc, ggbtmpvara}) == DOM_SYMBOLIC , (assume({ggbtmpvarc, ggbtmpvara}),solve({67000=(ggbtmpvarc)*((ggbtmpvara)^(2007)), 3=(ggbtmpvarc)*((ggbtmpvara)^(9))},x))[size(assume({ggbtmpvarc, ggbtmpvara}),solve({67000=(ggbtmpvarc)*((ggbtmpvara)^(2007)), 3=(ggbtmpvarc)*((ggbtmpvara)^(9))},x))-1] , when ( type({67000=(ggbtmpvarc)*((ggbtmpvara)^(2007)), 3=(ggbtmpvarc)*((ggbtmpvara)^(9))}) == DOM_IDENT && type({ggbtmpvarc, ggbtmpvara}) == DOM_SYMBOLIC && {67000=(ggbtmpvarc)*((ggbtmpvara)^(2007)), 3=(ggbtmpvarc)*((ggbtmpvara)^(9))} == 'x', (assume({ggbtmpvarc, ggbtmpvara}),solve({67000=(ggbtmpvarc)*((ggbtmpvara)^(2007)), 3=(ggbtmpvarc)*((ggbtmpvara)^(9))}=0,x))[size(assume({ggbtmpvarc, ggbtmpvara}),solve({67000=(ggbtmpvarc)*((ggbtmpvara)^(2007)), 3=(ggbtmpvarc)*((ggbtmpvara)^(9))}=0,x))-1] ,when ( size({ggbtmpvarc, ggbtmpvara}) == 1,flatten1(ggbsort(normal([op(solve({67000=(ggbtmpvarc)*((ggbtmpvara)^(2007)), 3=(ggbtmpvarc)*((ggbtmpvara)^(9))},{ggbtmpvarc, ggbtmpvara}))]))),ggbsort(normal([op(solve({67000=(ggbtmpvarc)*((ggbtmpvara)^(2007)), 3=(ggbtmpvarc)*((ggbtmpvara)^(9))},{ggbtmpvarc, ggbtmpvara}))])) ) ) )))
25<< {{ggbtmpvarc=(3/(67000/3)^(1/222)),ggbtmpvara=((67000/3)^(1/1998))}}
26>> caseval(regroup(when ( type({((67/10))*((10)^(9))=(ggbtmpvarc)*((ggbtmpvara)^(2007)), (3)*((10)^(8))=(ggbtmpvarc)*((ggbtmpvara)^(950))}) == DOM_SYMBOLIC && type({ggbtmpvarc, ggbtmpvara}) == DOM_SYMBOLIC , (assume({ggbtmpvarc, ggbtmpvara}),solve({((67/10))*((10)^(9))=(ggbtmpvarc)*((ggbtmpvara)^(2007)), (3)*((10)^(8))=(ggbtmpvarc)*((ggbtmpvara)^(950))},x))[size(assume({ggbtmpvarc, ggbtmpvara}),solve({((67/10))*((10)^(9))=(ggbtmpvarc)*((ggbtmpvara)^(2007)), (3)*((10)^(8))=(ggbtmpvarc)*((ggbtmpvara)^(950))},x))-1] , when ( type({((67/10))*((10)^(9))=(ggbtmpvarc)*((ggbtmpvara)^(2007)), (3)*((10)^(8))=(ggbtmpvarc)*((ggbtmpvara)^(950))}) == DOM_IDENT && type({ggbtmpvarc, ggbtmpvara}) == DOM_SYMBOLIC && {((67/10))*((10)^(9))=(ggbtmpvarc)*((ggbtmpvara)^(2007)), (3)*((10)^(8))=(ggbtmpvarc)*((ggbtmpvara)^(950))} == 'x', (assume({ggbtmpvarc, ggbtmpvara}),solve({((67/10))*((10)^(9))=(ggbtmpvarc)*((ggbtmpvara)^(2007)), (3)*((10)^(8))=(ggbtmpvarc)*((ggbtmpvara)^(950))}=0,x))[size(assume({ggbtmpvarc, ggbtmpvara}),solve({((67/10))*((10)^(9))=(ggbtmpvarc)*((ggbtmpvara)^(2007)), (3)*((10)^(8))=(ggbtmpvarc)*((ggbtmpvara)^(950))}=0,x))-1] ,when ( size({ggbtmpvarc, ggbtmpvara}) == 1,flatten1(ggbsort(normal([op(solve({((67/10))*((10)^(9))=(ggbtmpvarc)*((ggbtmpvara)^(2007)), (3)*((10)^(8))=(ggbtmpvarc)*((ggbtmpvara)^(950))},{ggbtmpvarc, ggbtmpvara}))]))),ggbsort(normal([op(solve({((67/10))*((10)^(9))=(ggbtmpvarc)*((ggbtmpvara)^(2007)), (3)*((10)^(8))=(ggbtmpvarc)*((ggbtmpvara)^(950))},{ggbtmpvarc, ggbtmpvara}))])) ) ) )))
26<< {{ggbtmpvarc=(300000000/((67/3)^(1/1057))^950),ggbtmpvara=((67/3)^(1/1057))}}
27>> caseval(regroup([[[ggbevalarg:=subst({(pi)/(x)=cos((x)-((2)*(y))), ((2)*(y))-(pi)=sin(x)},ggbsort([[ggbnsans:=evalf({(pi)/(x)=cos((x)-((2)*(y))), ((2)*(y))-(pi)=sin(x)})],[ggbnsans:=when(type(ggbnsans)==DOM_LIST,[[ggbvars:=seq(left({x=3, y=(15/10)}[j]),j,0,dim({x=3, y=(15/10)})-1)],[ggbnsans:=fsolve(ggbnsans,{x=3, y=(15/10)})],[ggbnsans:=when(type(ggbnsans)==DOM_LIST,when(type(ggbnsans[0])==DOM_LIST,ggbnsans[0],ggbnsans),[ggbnsans])],seq(ggbvars[irem(j,dim(ggbnsans))]=ggbnsans[j],j,0,dim(ggbnsans)-1)][3],[[ggbvars:=when(type({x=3, y=(15/10)})==DOM_LIST,left({x=3, y=(15/10)}[0]),left({x=3, y=(15/10)}))],[ggbnsans:=fsolve(ggbnsans,{x=3, y=(15/10)})],[ggbnsans:=when(type(ggbnsans)==DOM_LIST,ggbnsans,[ggbnsans])],seq(ggbvars=ggbnsans[j],j,0,dim(ggbnsans)-1)][3])],ggbnsans][2]))],[ggbevalans:=regroup(normal(ggbevalarg))],[ggbevalans2:=regroup(ggbevalarg)]], when(length(""+ggbevalans)<=length(""+ggbevalans2),ggbevalans,ggbevalans2)][1]))
27<< {1.0=1.0,0.0=1.224646799147E-16}
28>> caseval(regroup([[[svdarg:={{(837465721/100000000), -((1201576219/100000000)), (1723993441/100000000), -((28939/10000)), (41521/10000), 1}, {(424936996/100000000), -((446993976/100000000)), (470195856/100000000), -((20614/10000)), (21684/10000), 1}, {(1971216/100000000), -((27748656/100000000)), (390615696/100000000), -((1404/10000)), (19764/10000), 1}, {(716739984/100000000), (811807356/100000000), (919484329/100000000), (26772/10000), (30323/10000), 1}, {(2677648516/100000000), (2959819454/100000000), (3271725601/100000000), (51746/10000), (57199/10000), 1}, {(1058526225/100000000), (264171186/10000000), (6592790416/100000000), (32535/10000), (81196/10000), 1}, {(2972176/100000000), -((117918152/100000000)), (4678286404/100000000), -((1724/10000)), (68398/10000), 1}}], [svgdim:=dim({{(837465721/100000000), -((1201576219/100000000)), (1723993441/100000000), -((28939/10000)), (41521/10000), 1}, {(424936996/100000000), -((446993976/100000000)), (470195856/100000000), -((20614/10000)), (21684/10000), 1}, {(1971216/100000000), -((27748656/100000000)), (390615696/100000000), -((1404/10000)), (19764/10000), 1}, {(716739984/100000000), (811807356/100000000), (919484329/100000000), (26772/10000), (30323/10000), 1}, {(2677648516/100000000), (2959819454/100000000), (3271725601/100000000), (51746/10000), (57199/10000), 1}, {(1058526225/100000000), (264171186/10000000), (6592790416/100000000), (32535/10000), (81196/10000), 1}, {(2972176/100000000), -((117918152/100000000)), (4678286404/100000000), -((1724/10000)), (68398/10000), 1}})], [svdresult:=svd(svdarg)],], {trn(trn(svdresult[0])[0..svgdim[1]-1]), diag(svdresult[1]), trn(trn(svdresult[2])[0..svgdim[0]-1])}][1]))
28<< {{{-0.4558121021376,0.1057550286536,0.1983458726676,-0.7401768505186,-0.3924310826526,0.1432352224882},{0.361797253354,-0.696185731614,-0.02011762042109,-0.3510419946337,-0.1166080659872,0.04067688753889},{-0.04351881224671,-0.4796474922806,-0.5327638474433,-0.0171091896081,-0.05658617703881,0.03797517558872},{-0.3610808904494,0.1925619345336,-0.7475073966208,-0.106765534802,0.1811678640599,0.1347979342887},{0.334101299422,0.1496521224836,0.06277179832647,-0.3930136339568,0.6667876214662,0.4756354391403},{-0.3867636645783,-0.2996018855098,0.2319947668675,0.3975875893729,-0.0262450692968,0.7353020162803},{0.5175470684196,0.3533304939632,-0.2447196364821,0.06841444635443,-0.5925217954742,0.437399518401}},{{0.04064054535883,0,0,0,0,0},{0,1.755120322875,0,0,0,0},{0,0,2.639868863901,0,0,0},{0,0,0,17.37554748906,0,0},{0,0,0,0,33.79518793185,0},{0,0,0,0,0,97.92603573084}},{{-0.03156002061568,0.08222785626247,0.1275310452579,-0.8499832703815,0.4460459762857,0.2335589954592},{0.04538006830639,-0.2075743767857,0.0232195364439,0.4829139427495,0.7830732286471,0.32848869555},{-0.05891884616865,0.06875117741127,0.1024934650809,0.06300254682456,-0.399574179394,0.9042500146759},{-0.1483751661824,0.8265319768732,-0.5065197925401,0.105336158084,0.1578958857579,0.04733480846509},{0.5316311651884,-0.3387322278991,-0.7465418359726,-0.1579146131352,-0.0561209827809,0.1312153930586},{-0.8299556002138,-0.3840964753153,-0.3985031519903,-0.06573060034577,-0.009955165972207,0.02047486328597}}}
29>> caseval(regroup(when ( type(x=((ggbtmpvarxunicode95uunicode48u)+((ggbtmpvarvunicode95uunicode48u)*(ggbtmpvart)))+((((1)/(2))*(ggbtmpvara))*((ggbtmpvart)^(2)))) == DOM_SYMBOLIC && type(ggbtmpvart) == DOM_SYMBOLIC , (assume(ggbtmpvart),solve(x=((ggbtmpvarxunicode95uunicode48u)+((ggbtmpvarvunicode95uunicode48u)*(ggbtmpvart)))+((((1)/(2))*(ggbtmpvara))*((ggbtmpvart)^(2))),x))[size(assume(ggbtmpvart),solve(x=((ggbtmpvarxunicode95uunicode48u)+((ggbtmpvarvunicode95uunicode48u)*(ggbtmpvart)))+((((1)/(2))*(ggbtmpvara))*((ggbtmpvart)^(2))),x))-1] , when ( type(x=((ggbtmpvarxunicode95uunicode48u)+((ggbtmpvarvunicode95uunicode48u)*(ggbtmpvart)))+((((1)/(2))*(ggbtmpvara))*((ggbtmpvart)^(2)))) == DOM_IDENT && type(ggbtmpvart) == DOM_SYMBOLIC && x=((ggbtmpvarxunicode95uunicode48u)+((ggbtmpvarvunicode95uunicode48u)*(ggbtmpvart)))+((((1)/(2))*(ggbtmpvara))*((ggbtmpvart)^(2))) == 'x', (assume(ggbtmpvart),solve(x=((ggbtmpvarxunicode95uunicode48u)+((ggbtmpvarvunicode95uunicode48u)*(ggbtmpvart)))+((((1)/(2))*(ggbtmpvara))*((ggbtmpvart)^(2)))=0,x))[size(assume(ggbtmpvart),solve(x=((ggbtmpvarxunicode95uunicode48u)+((ggbtmpvarvunicode95uunicode48u)*(ggbtmpvart)))+((((1)/(2))*(ggbtmpvara))*((ggbtmpvart)^(2)))=0,x))-1] ,when ( size(ggbtmpvart) == 1,flatten1(ggbsort(normal([op(solve(x=((ggbtmpvarxunicode95uunicode48u)+((ggbtmpvarvunicode95uunicode48u)*(ggbtmpvart)))+((((1)/(2))*(ggbtmpvara))*((ggbtmpvart)^(2))),ggbtmpvart))]))),ggbsort(normal([op(solve(x=((ggbtmpvarxunicode95uunicode48u)+((ggbtmpvarvunicode95uunicode48u)*(ggbtmpvart)))+((((1)/(2))*(ggbtmpvara))*((ggbtmpvart)^(2))),ggbtmpvart))])) ) ) )))
29<< {ggbtmpvart=((-ggbtmpvarvunicode95uunicode48u+√(ggbtmpvarvunicode95uunicode48u^2-2*ggbtmpvara*ggbtmpvarxunicode95uunicode48u+2*ggbtmpvara*x))/ggbtmpvara),ggbtmpvart=((-ggbtmpvarvunicode95uunicode48u-√(ggbtmpvarvunicode95uunicode48u^2-2*ggbtmpvara*ggbtmpvarxunicode95uunicode48u+2*ggbtmpvara*x))/ggbtmpvara)}
30>> caseval(regroup(when ( type((((ggbtmpvara)*((x)^(2)))+((ggbtmpvarb)*(x)))+(ggbtmpvarc)) == DOM_SYMBOLIC && type(x) == DOM_SYMBOLIC , (assume(x),solve((((ggbtmpvara)*((x)^(2)))+((ggbtmpvarb)*(x)))+(ggbtmpvarc),x))[size(assume(x),solve((((ggbtmpvara)*((x)^(2)))+((ggbtmpvarb)*(x)))+(ggbtmpvarc),x))-1] , when ( type((((ggbtmpvara)*((x)^(2)))+((ggbtmpvarb)*(x)))+(ggbtmpvarc)) == DOM_IDENT && type(x) == DOM_SYMBOLIC && (((ggbtmpvara)*((x)^(2)))+((ggbtmpvarb)*(x)))+(ggbtmpvarc) == 'x', (assume(x),solve((((ggbtmpvara)*((x)^(2)))+((ggbtmpvarb)*(x)))+(ggbtmpvarc)=0,x))[size(assume(x),solve((((ggbtmpvara)*((x)^(2)))+((ggbtmpvarb)*(x)))+(ggbtmpvarc)=0,x))-1] ,when ( size(x) == 1,flatten1(ggbsort(normal([op(solve((((ggbtmpvara)*((x)^(2)))+((ggbtmpvarb)*(x)))+(ggbtmpvarc),x))]))),ggbsort(normal([op(solve((((ggbtmpvara)*((x)^(2)))+((ggbtmpvarb)*(x)))+(ggbtmpvarc),x))])) ) ) )))
30<< {x=(1/2*(-ggbtmpvarb+√(ggbtmpvarb^2-4*ggbtmpvara*ggbtmpvarc))/ggbtmpvara),x=(1/2*(-ggbtmpvarb-√(ggbtmpvarb^2-4*ggbtmpvara*ggbtmpvarc))/ggbtmpvara)}
31>> caseval(regroup([[[ggbtanarg0:=ggbtmpvara],[ggbtanarg1:=sqrt((1)-((x)^(2)))],[ggbtanvar:=when(size(lname(ggbtanarg1) intersect [x]) == 0,lname(ggbtanarg1)[0],x)]],when((ggbtmpvara)[0]=='pnt',when((ggbtanarg1)[0]=='=',equation(tangent(ggbtanarg1,ggbtanarg0)),y=normal(subst(diff(ggbtanarg1,ggbtanvar),ggbtanvar=real(ggbtanarg0[1]))*(x-real(ggbtanarg0[1]))+subst(ggbtanarg1,ggbtanvar=real(ggbtmpvara[1])))),y=normal(subst(diff(ggbtanarg1,ggbtanvar),ggbtanvar=ggbtanarg0)*(x-(ggbtanarg0))+subst(ggbtanarg1,ggbtanvar=ggbtanarg0)))][1]))
31<< y=(-(ggbtmpvara*x-1)/√(-ggbtmpvara^2+1))
