1>> caseval("init geogebra")
1<< "geogebra mode on"
2>> fractionalPart(x):=sign(x)*(abs(x)-floor(abs(x)))
2<<  (x)->sign(x)*(abs(x)-floor(abs(x)))
3>> is3dpoint(x):=when(size(x[1])==3 && subtype(x[1])==20,true,false)
3<<  (x)->when((((size(x[1]))==3)) && (((subtype(x[1]))==20)),true,false)
4>> xcoord(a):=when(type(a)==DOM_IDENT,xcoordsymb(a),when(a[0]=='pnt',when(is3dpoint(a),a[1][0],real(a[1])),when(a[0]=='=',coeff(a[1]-a[2],x,1),a[0])))
4<<  (a)->when(((type(a))==identifier),xcoordsymb(a),when(((a[0])=='pnt'),when(is3dpoint(a),(a[1])[0],real(a[1])),when(((a[0])=='='),coeff(a[1]-(a[2]),x,1),a[0])))
5>> ycoord(a):=when(type(a)==DOM_IDENT,ycoordsymb(a),when(a[0]=='pnt',when(is3dpoint(a),a[1][1],im(a[1])),when(a[0]=='=',coeff(a[1]-a[2],y,1),a[1])))
5<<  (a)->when(((type(a))==identifier),ycoordsymb(a),when(((a[0])=='pnt'),when(is3dpoint(a),(a[1])[1],im(a[1])),when(((a[0])=='='),coeff(a[1]-(a[2]),y,1),a[1])))
6>> zcoord(a):=when(type(a)==DOM_IDENT,zcoordsymb(a),when(a[0]=='pnt',when(is3dpoint(a),a[1][2],0),when(length(a)<3 && a[0] != '=',0,when(a[0]=='=',coeff(a[1]-a[2],z,1),a[2]))))
6<<  (a)->when(((type(a))==identifier),zcoordsymb(a),when(((a[0])=='pnt'),when(is3dpoint(a),(a[1])[2],0),when(((length(a))<3) && ((a[0])<>'='),0,when(((a[0])=='='),coeff(a[1]-(a[2]),z,1),a[2]))))
7>> degasin(x):=normal(asin(x)/pi*180)*unicode0176u
7<<  (x)->normal(asin(x)/pi*180)*unicode0176u
8>> degacos(x):=normal(acos(x)/pi*180)*unicode0176u
8<<  (x)->normal(acos(x)/pi*180)*unicode0176u
9>> degatan(x):=normal(atan(x)/pi*180)*unicode0176u
9<<  (x)->normal(atan(x)/pi*180)*unicode0176u
10>> degatan2(y,x):=normal(arg(x+i*y)/pi*180)*unicode0176u
10<<  (y,x)->normal(arg(x+ί*y)/pi*180)*unicode0176u
11>> ggbabs(x):=when(x[0]=='pnt' || (type(x)==DOM_LIST && subtype(x)==27),l2norm(x),abs(x))
11<<  (x)->when((((x[0])=='pnt')) || ((((type(x))==vector)) && (((subtype(x))==27))),l2norm(x),abs(x))
12>> ggb_is_zero(x):=when(x==0,true,when(type(x)=='DOM_LIST',max(flatten({x,0}))==min(flatten({x,0}))&&min(flatten({x,0}))==0,when(x[0]=='=',lhs(x)==0&&rhs(x)==0,false)))
12<<  (x)->when((x==0),true,when(((type(x))==vector),(((max(flatten({x,0})))==(min(flatten({x,0}))))) && (((min(flatten({x,0})))==0)),when(((x[0])=='='),(((lhs(x))==0)) && (((rhs(x))==0)),false)))
13>> caseval(regroup(evalfa(ggbsort(regroup(csolve((z)^(2)=(ggbtmpvark)*((ggbtmpvara)^(2)),z))))))
13<< {z=(-√(ggbtmpvara^2*ggbtmpvark)),z=(√(ggbtmpvara^2*ggbtmpvark))}
14>> caseval(regroup(evalfa(when(is_3dpoint(point(1,2)),ggbvect[xcoord(point(1,2)),ycoord(point(1,2)),zcoord(point(1,2))],when((point(1,2))[0]=='pnt',ggbvect[xcoord(point(1,2)),ycoord(point(1,2))],when(im(point(1,2))==ggbvect[0,0],point(1,2),ggbvect[re(point(1,2)),im(point(1,2))]))))))
14<< ggbvect(1,2)
15>> caseval(regroup(evalfa([[[ggbextremumfun:=(x)^(10)],[ggbextans:=extrema((x)^(10))],[ggbextvar:=when(size(lname(ggbextremumfun) intersect [x])==0,lname(ggbextremumfun)[0],x)]],map(ggbextans,it->point(it,normal(regroup(subst(ggbextremumfun,ggbextvar,it)))))][1])))
15<< {(0,0)}
16>> caseval(regroup(evalfa([[ggbintans:=0/0], [arg01720:=tan(x)], [vars := lname(arg01720)], [factored:=factors(arg01720)],[constant := 1],[variable := 1],[seq(when(!contains(lname(factored[j]),x),constant*=factored[j]^factored[j+1],variable*=factored[j]^factored[j+1]),j,0,length(factored)-1,2)],[ggbintans:=constant*integrate(variable,x,0,inf)],[ggbintans:=when(type(ggbintans)==DOM_LIST,ggbintans[size(ggbintans)-1],ggbintans)],[ggbintanssimplified:=simplify(ggbintans)],when(ggbintanssimplified==undef||length(""+ggbintans)<=length(""+ggbintanssimplified),regroup(ggbintans),ggbintanssimplified)][-1])))
16<< integrate(tan(x),x,0,+infinity)
17>> caseval(regroup(evalfa([[[ggbextremumfun:=((((x)^(3))-((x)^(2)))-(x))+(1)],[ggbextans:=extrema(((((x)^(3))-((x)^(2)))-(x))+(1))],[ggbextvar:=when(size(lname(ggbextremumfun) intersect [x])==0,lname(ggbextremumfun)[0],x)]],map(ggbextans,it->point(it,normal(regroup(subst(ggbextremumfun,ggbextvar,it)))))][1])))
17<< [pnt(pnt[(-9+32*i)/27,[536870912]]),pnt(pnt[1,[536870912]])]
18>> caseval(regroup(evalfa([[ggbnumans:=[[ggblimvans:=?],[ggblimvans:=limit((((tan(x))^(2))*((1)-(sin(x))))/(x),(1570796326/1000000000))],[ggblimvans:=when(ggblimvans==inf||ggblimvans==-inf||ggblimvans==undef,ggblimvans,regroup(ggblimvans))],ggblimvans][3]],when(dim(lname(ggbnumans))==0||lname(ggbnumans)==[unicode0176u],evalf(ggbnumans,30),normal(evalf(regroup(ggbnumans),30)))][1])))
18<< 0.318309886343627006293367151662
19>> caseval(regroup(evalfa([[ggbintans:=0/0], [arg01786:=((((ggbtmpvart)^(4))+(ggbtmpvart))+(1))/((((ggbtmpvart)^(6))+((ggbtmpvart)^(3)))+(2))], [vars := lname(arg01786)], [factored:=factors(arg01786)],[constant := 1],[variable := 1],[seq(when(!contains(lname(factored[j]),ggbtmpvart),constant*=factored[j]^factored[j+1],variable*=factored[j]^factored[j+1]),j,0,length(factored)-1,2)],[ggbintans:=constant*integrate(variable,ggbtmpvart,1,inf)],[ggbintans:=when(type(ggbintans)==DOM_LIST,ggbintans[size(ggbintans)-1],ggbintans)],[ggbintanssimplified:=simplify(ggbintans)],when(ggbintanssimplified==undef||length(""+ggbintans)<=length(""+ggbintanssimplified),regroup(ggbintans),ggbintanssimplified)][-1])))
19<< integrate((ggbtmpvart^4+ggbtmpvart+1)/(ggbtmpvart^6+ggbtmpvart^3+2),ggbtmpvart,1,+infinity)
20>> caseval(regroup(evalfa(when(is_3dpoint(when(is_3dpoint(point(1,2)),ggbvect[xcoord(point(1,2)),ycoord(point(1,2)),zcoord(point(1,2))],when((point(1,2))[0]=='pnt',ggbvect[xcoord(point(1,2)),ycoord(point(1,2))],when(im(point(1,2))==ggbvect[0,0],point(1,2),ggbvect[re(point(1,2)),im(point(1,2))])))+when(is_3dpoint(point(3,4)),ggbvect[xcoord(point(3,4)),ycoord(point(3,4)),zcoord(point(3,4))],when((point(3,4))[0]=='pnt',ggbvect[xcoord(point(3,4)),ycoord(point(3,4))],when(im(point(3,4))==ggbvect[0,0],point(3,4),ggbvect[re(point(3,4)),im(point(3,4))])))),ggbvect[xcoord(when(is_3dpoint(point(1,2)),ggbvect[xcoord(point(1,2)),ycoord(point(1,2)),zcoord(point(1,2))],when((point(1,2))[0]=='pnt',ggbvect[xcoord(point(1,2)),ycoord(point(1,2))],when(im(point(1,2))==ggbvect[0,0],point(1,2),ggbvect[re(point(1,2)),im(point(1,2))])))+when(is_3dpoint(point(3,4)),ggbvect[xcoord(point(3,4)),ycoord(point(3,4)),zcoord(point(3,4))],when((point(3,4))[0]=='pnt',ggbvect[xcoord(point(3,4)),ycoord(point(3,4))],when(im(point(3,4))==ggbvect[0,0],point(3,4),ggbvect[re(point(3,4)),im(point(3,4))])))),ycoord(when(is_3dpoint(point(1,2)),ggbvect[xcoord(point(1,2)),ycoord(point(1,2)),zcoord(point(1,2))],when((point(1,2))[0]=='pnt',ggbvect[xcoord(point(1,2)),ycoord(point(1,2))],when(im(point(1,2))==ggbvect[0,0],point(1,2),ggbvect[re(point(1,2)),im(point(1,2))])))+when(is_3dpoint(point(3,4)),ggbvect[xcoord(point(3,4)),ycoord(point(3,4)),zcoord(point(3,4))],when((point(3,4))[0]=='pnt',ggbvect[xcoord(point(3,4)),ycoord(point(3,4))],when(im(point(3,4))==ggbvect[0,0],point(3,4),ggbvect[re(point(3,4)),im(point(3,4))])))),zcoord(when(is_3dpoint(point(1,2)),ggbvect[xcoord(point(1,2)),ycoord(point(1,2)),zcoord(point(1,2))],when((point(1,2))[0]=='pnt',ggbvect[xcoord(point(1,2)),ycoord(point(1,2))],when(im(point(1,2))==ggbvect[0,0],point(1,2),ggbvect[re(point(1,2)),im(point(1,2))])))+when(is_3dpoint(point(3,4)),ggbvect[xcoord(point(3,4)),ycoord(point(3,4)),zcoord(point(3,4))],when((point(3,4))[0]=='pnt',ggbvect[xcoord(point(3,4)),ycoord(point(3,4))],when(im(point(3,4))==ggbvect[0,0],point(3,4),ggbvect[re(point(3,4)),im(point(3,4))]))))],when((when(is_3dpoint(point(1,2)),ggbvect[xcoord(point(1,2)),ycoord(point(1,2)),zcoord(point(1,2))],when((point(1,2))[0]=='pnt',ggbvect[xcoord(point(1,2)),ycoord(point(1,2))],when(im(point(1,2))==ggbvect[0,0],point(1,2),ggbvect[re(point(1,2)),im(point(1,2))])))+when(is_3dpoint(point(3,4)),ggbvect[xcoord(point(3,4)),ycoord(point(3,4)),zcoord(point(3,4))],when((point(3,4))[0]=='pnt',ggbvect[xcoord(point(3,4)),ycoord(point(3,4))],when(im(point(3,4))==ggbvect[0,0],point(3,4),ggbvect[re(point(3,4)),im(point(3,4))]))))[0]=='pnt',ggbvect[xcoord(when(is_3dpoint(point(1,2)),ggbvect[xcoord(point(1,2)),ycoord(point(1,2)),zcoord(point(1,2))],when((point(1,2))[0]=='pnt',ggbvect[xcoord(point(1,2)),ycoord(point(1,2))],when(im(point(1,2))==ggbvect[0,0],point(1,2),ggbvect[re(point(1,2)),im(point(1,2))])))+when(is_3dpoint(point(3,4)),ggbvect[xcoord(point(3,4)),ycoord(point(3,4)),zcoord(point(3,4))],when((point(3,4))[0]=='pnt',ggbvect[xcoord(point(3,4)),ycoord(point(3,4))],when(im(point(3,4))==ggbvect[0,0],point(3,4),ggbvect[re(point(3,4)),im(point(3,4))])))),ycoord(when(is_3dpoint(point(1,2)),ggbvect[xcoord(point(1,2)),ycoord(point(1,2)),zcoord(point(1,2))],when((point(1,2))[0]=='pnt',ggbvect[xcoord(point(1,2)),ycoord(point(1,2))],when(im(point(1,2))==ggbvect[0,0],point(1,2),ggbvect[re(point(1,2)),im(point(1,2))])))+when(is_3dpoint(point(3,4)),ggbvect[xcoord(point(3,4)),ycoord(point(3,4)),zcoord(point(3,4))],when((point(3,4))[0]=='pnt',ggbvect[xcoord(point(3,4)),ycoord(point(3,4))],when(im(point(3,4))==ggbvect[0,0],point(3,4),ggbvect[re(point(3,4)),im(point(3,4))]))))],when(im(when(is_3dpoint(point(1,2)),ggbvect[xcoord(point(1,2)),ycoord(point(1,2)),zcoord(point(1,2))],when((point(1,2))[0]=='pnt',ggbvect[xcoord(point(1,2)),ycoord(point(1,2))],when(im(point(1,2))==ggbvect[0,0],point(1,2),ggbvect[re(point(1,2)),im(point(1,2))])))+when(is_3dpoint(point(3,4)),ggbvect[xcoord(point(3,4)),ycoord(point(3,4)),zcoord(point(3,4))],when((point(3,4))[0]=='pnt',ggbvect[xcoord(point(3,4)),ycoord(point(3,4))],when(im(point(3,4))==ggbvect[0,0],point(3,4),ggbvect[re(point(3,4)),im(point(3,4))]))))==ggbvect[0,0],when(is_3dpoint(point(1,2)),ggbvect[xcoord(point(1,2)),ycoord(point(1,2)),zcoord(point(1,2))],when((point(1,2))[0]=='pnt',ggbvect[xcoord(point(1,2)),ycoord(point(1,2))],when(im(point(1,2))==ggbvect[0,0],point(1,2),ggbvect[re(point(1,2)),im(point(1,2))])))+when(is_3dpoint(point(3,4)),ggbvect[xcoord(point(3,4)),ycoord(point(3,4)),zcoord(point(3,4))],when((point(3,4))[0]=='pnt',ggbvect[xcoord(point(3,4)),ycoord(point(3,4))],when(im(point(3,4))==ggbvect[0,0],point(3,4),ggbvect[re(point(3,4)),im(point(3,4))]))),ggbvect[re(when(is_3dpoint(point(1,2)),ggbvect[xcoord(point(1,2)),ycoord(point(1,2)),zcoord(point(1,2))],when((point(1,2))[0]=='pnt',ggbvect[xcoord(point(1,2)),ycoord(point(1,2))],when(im(point(1,2))==ggbvect[0,0],point(1,2),ggbvect[re(point(1,2)),im(point(1,2))])))+when(is_3dpoint(point(3,4)),ggbvect[xcoord(point(3,4)),ycoord(point(3,4)),zcoord(point(3,4))],when((point(3,4))[0]=='pnt',ggbvect[xcoord(point(3,4)),ycoord(point(3,4))],when(im(point(3,4))==ggbvect[0,0],point(3,4),ggbvect[re(point(3,4)),im(point(3,4))])))),im(when(is_3dpoint(point(1,2)),ggbvect[xcoord(point(1,2)),ycoord(point(1,2)),zcoord(point(1,2))],when((point(1,2))[0]=='pnt',ggbvect[xcoord(point(1,2)),ycoord(point(1,2))],when(im(point(1,2))==ggbvect[0,0],point(1,2),ggbvect[re(point(1,2)),im(point(1,2))])))+when(is_3dpoint(point(3,4)),ggbvect[xcoord(point(3,4)),ycoord(point(3,4)),zcoord(point(3,4))],when((point(3,4))[0]=='pnt',ggbvect[xcoord(point(3,4)),ycoord(point(3,4))],when(im(point(3,4))==ggbvect[0,0],point(3,4),ggbvect[re(point(3,4)),im(point(3,4))]))))]))))))
20<< ggbvect[4,6]
21>> caseval(regroup(evalfa(when(is_3dpoint(point((ggbtmpvark)+(1),(ggbtmpvark)+(1),(ggbtmpvark)+(2)))||is_3dpoint(point((ggbtmpvarp)+(4),(ggbtmpvarp)+(3))),ggbvect[xcoord(point((ggbtmpvarp)+(4),(ggbtmpvarp)+(3)))-xcoord(point((ggbtmpvark)+(1),(ggbtmpvark)+(1),(ggbtmpvark)+(2))),ycoord(point((ggbtmpvarp)+(4),(ggbtmpvarp)+(3)))-ycoord(point((ggbtmpvark)+(1),(ggbtmpvark)+(1),(ggbtmpvark)+(2))),zcoord(point((ggbtmpvarp)+(4),(ggbtmpvarp)+(3)))-zcoord(point((ggbtmpvark)+(1),(ggbtmpvark)+(1),(ggbtmpvark)+(2)))],when((point((ggbtmpvark)+(1),(ggbtmpvark)+(1),(ggbtmpvark)+(2)))[0]=='pnt',ggbvect[xcoord(point((ggbtmpvarp)+(4),(ggbtmpvarp)+(3)))-xcoord(point((ggbtmpvark)+(1),(ggbtmpvark)+(1),(ggbtmpvark)+(2))),ycoord(point((ggbtmpvarp)+(4),(ggbtmpvarp)+(3)))-ycoord(point((ggbtmpvark)+(1),(ggbtmpvark)+(1),(ggbtmpvark)+(2)))],ggbvect[point((ggbtmpvark)+(1),(ggbtmpvark)+(1),(ggbtmpvark)+(2)),point((ggbtmpvarp)+(4),(ggbtmpvarp)+(3))])))))
21<< ggbvect[-ggbtmpvark+ggbtmpvarp+3,-ggbtmpvark+ggbtmpvarp+2,-ggbtmpvark-2]
22>> caseval(regroup(evalfa(when(type((ggbtmpvarc)^(2)=(((ggbtmpvara)^(2))+((ggbtmpvarb)^(2)))-((((2)*(ggbtmpvara))*(ggbtmpvarb))*(cos(ggbtmpvarg))))==DOM_SYMBOLIC&&type(ggbtmpvarg)==DOM_SYMBOLIC&&(ggbtmpvarg)[0]!='of',(assume(ggbtmpvarg),solve((ggbtmpvarc)^(2)=(((ggbtmpvara)^(2))+((ggbtmpvarb)^(2)))-((((2)*(ggbtmpvara))*(ggbtmpvarb))*(cos(ggbtmpvarg))),x)) [size(assume(ggbtmpvarg),solve((ggbtmpvarc)^(2)=(((ggbtmpvara)^(2))+((ggbtmpvarb)^(2)))-((((2)*(ggbtmpvara))*(ggbtmpvarb))*(cos(ggbtmpvarg))),x))-1],when(type((ggbtmpvarc)^(2)=(((ggbtmpvara)^(2))+((ggbtmpvarb)^(2)))-((((2)*(ggbtmpvara))*(ggbtmpvarb))*(cos(ggbtmpvarg))))==DOM_IDENT&&type(ggbtmpvarg)==DOM_SYMBOLIC&&(ggbtmpvarc)^(2)=(((ggbtmpvara)^(2))+((ggbtmpvarb)^(2)))-((((2)*(ggbtmpvara))*(ggbtmpvarb))*(cos(ggbtmpvarg)))=='x',(assume(ggbtmpvarg),solve((ggbtmpvarc)^(2)=(((ggbtmpvara)^(2))+((ggbtmpvarb)^(2)))-((((2)*(ggbtmpvara))*(ggbtmpvarb))*(cos(ggbtmpvarg)))=0,x))[size(assume(ggbtmpvarg),solve((ggbtmpvarc)^(2)=(((ggbtmpvara)^(2))+((ggbtmpvarb)^(2)))-((((2)*(ggbtmpvara))*(ggbtmpvarb))*(cos(ggbtmpvarg)))=0,x))-1],when(size(ggbtmpvarg)==1,flatten1(ggbsort(normal([op(solve((ggbtmpvarc)^(2)=(((ggbtmpvara)^(2))+((ggbtmpvarb)^(2)))-((((2)*(ggbtmpvara))*(ggbtmpvarb))*(cos(ggbtmpvarg))),ggbtmpvarg))]))),ggbsort(normal([op(solve((ggbtmpvarc)^(2)=(((ggbtmpvara)^(2))+((ggbtmpvarb)^(2)))-((((2)*(ggbtmpvara))*(ggbtmpvarb))*(cos(ggbtmpvarg))),ggbtmpvarg))]))))))))
22<< {ggbtmpvarg=(-acos((ggbtmpvara^2+ggbtmpvarb^2-ggbtmpvarc^2)/(2*ggbtmpvara*ggbtmpvarb))+2*n_14*pi),ggbtmpvarg=(acos((ggbtmpvara^2+ggbtmpvarb^2-ggbtmpvarc^2)/(2*ggbtmpvara*ggbtmpvarb))+2*n_14*pi)}
23>> caseval(regroup(evalfa([[[ggbelarg0182:=(((x)^(3))+((x)*(y)))+(3)],[ggbelarg1182:=4]],when(type(ggbelarg0182)==DOM_LIST,(ggbelarg0182)[ggbelarg1182-1],when(ggbelarg1182>0,when(ggbelarg0182[0]=='pnt',?,(ggbelarg0182)[ggbelarg1182]),?))][1])))
23<< "GIAC_ERROR: at(ggbelarg0182,ggbelarg1182) 
 Error: Invalid dimension"
24>> caseval(regroup(evalfa([[[ggbelarg0169:={1, 2, 3}],[ggbelarg1169:=6]],when(type(ggbelarg0169)==DOM_LIST,(ggbelarg0169)[ggbelarg1169-1],when(ggbelarg1169>0,when(ggbelarg0169[0]=='pnt',?,(ggbelarg0169)[ggbelarg1169]),?))][1])))
24<< "GIAC_ERROR: Index outside range : 5, vector size is 3, syntax compatibility mode xcas
 Error: Invalid dimension"
25>> caseval(regroup(evalfa(when(type(x=((ggbtmpvarxunicode95uunicode48u)+((ggbtmpvarvunicode95uunicode48u)*(ggbtmpvart)))+((((1)/(2))*(ggbtmpvara))*((ggbtmpvart)^(2))))==DOM_SYMBOLIC&&type(ggbtmpvart)==DOM_SYMBOLIC&&(ggbtmpvart)[0]!='of',(assume(ggbtmpvart),solve(x=((ggbtmpvarxunicode95uunicode48u)+((ggbtmpvarvunicode95uunicode48u)*(ggbtmpvart)))+((((1)/(2))*(ggbtmpvara))*((ggbtmpvart)^(2))),x)) [size(assume(ggbtmpvart),solve(x=((ggbtmpvarxunicode95uunicode48u)+((ggbtmpvarvunicode95uunicode48u)*(ggbtmpvart)))+((((1)/(2))*(ggbtmpvara))*((ggbtmpvart)^(2))),x))-1],when(type(x=((ggbtmpvarxunicode95uunicode48u)+((ggbtmpvarvunicode95uunicode48u)*(ggbtmpvart)))+((((1)/(2))*(ggbtmpvara))*((ggbtmpvart)^(2))))==DOM_IDENT&&type(ggbtmpvart)==DOM_SYMBOLIC&&x=((ggbtmpvarxunicode95uunicode48u)+((ggbtmpvarvunicode95uunicode48u)*(ggbtmpvart)))+((((1)/(2))*(ggbtmpvara))*((ggbtmpvart)^(2)))=='x',(assume(ggbtmpvart),solve(x=((ggbtmpvarxunicode95uunicode48u)+((ggbtmpvarvunicode95uunicode48u)*(ggbtmpvart)))+((((1)/(2))*(ggbtmpvara))*((ggbtmpvart)^(2)))=0,x))[size(assume(ggbtmpvart),solve(x=((ggbtmpvarxunicode95uunicode48u)+((ggbtmpvarvunicode95uunicode48u)*(ggbtmpvart)))+((((1)/(2))*(ggbtmpvara))*((ggbtmpvart)^(2)))=0,x))-1],when(size(ggbtmpvart)==1,flatten1(ggbsort(normal([op(solve(x=((ggbtmpvarxunicode95uunicode48u)+((ggbtmpvarvunicode95uunicode48u)*(ggbtmpvart)))+((((1)/(2))*(ggbtmpvara))*((ggbtmpvart)^(2))),ggbtmpvart))]))),ggbsort(normal([op(solve(x=((ggbtmpvarxunicode95uunicode48u)+((ggbtmpvarvunicode95uunicode48u)*(ggbtmpvart)))+((((1)/(2))*(ggbtmpvara))*((ggbtmpvart)^(2))),ggbtmpvart))]))))))))
25<< {ggbtmpvart=((-ggbtmpvarvunicode95uunicode48u+√(ggbtmpvarvunicode95uunicode48u^2-2*ggbtmpvara*ggbtmpvarxunicode95uunicode48u+2*ggbtmpvara*x))/ggbtmpvara),ggbtmpvart=((-ggbtmpvarvunicode95uunicode48u-√(ggbtmpvarvunicode95uunicode48u^2-2*ggbtmpvara*ggbtmpvarxunicode95uunicode48u+2*ggbtmpvara*x))/ggbtmpvara)}
26>> caseval(regroup(evalfa([[[ggbevalarg:=subst({(pi)/(x)=cos((x)-((2)*(y))), ((2)*(y))-(pi)=sin(x)},ggbsort([[ggbnsans:=({(pi)/(x)=cos((x)-((2)*(y))), ((2)*(y))-(pi)=sin(x)})],[ggbnsans:=when(type(ggbnsans)==DOM_LIST,[[ggbvars:=seq(left({x=3, y=1.5}[j]),j,0,dim({x=3, y=1.5})-1)],[ggbnsans:=fsolve(ggbnsans,{x=3, y=1.5})],[ggbnsans:=when(type(ggbnsans)==DOM_LIST,when(type(ggbnsans[0])==DOM_LIST,ggbnsans[0],ggbnsans),[ggbnsans])],seq(ggbvars[irem(j,dim(ggbnsans))]=ggbnsans[j],j,0,dim(ggbnsans)-1)][3],[[ggbvars:=when(type({x=3, y=1.5})==DOM_LIST,left({x=3, y=1.5}[0]),left({x=3, y=1.5}))],[ggbnsans:=fsolve(ggbnsans,{x=3, y=1.5})],[ggbnsans:=when(type(ggbnsans)==DOM_LIST,ggbnsans,[ggbnsans])],seq(ggbvars=ggbnsans[j],j,0,dim(ggbnsans)-1)][3])],ggbnsans][2]))],[ggbevalans:=regroup(normal(ggbevalarg))],[ggbevalans2:=regroup(ggbevalarg)]],when(length(""+ggbevalans)<=length(""+ggbevalans2),ggbevalans,ggbevalans2)][1])))
26<< {1.0=1.0,0.0=1.224646799147E-16}
27>> caseval(regroup(evalfa(when(type((((ggbtmpvara)*((x)^(2)))+((ggbtmpvarb)*(x)))+(ggbtmpvarc))==DOM_SYMBOLIC&&type(x)==DOM_SYMBOLIC&&(x)[0]!='of',(assume(x),solve((((ggbtmpvara)*((x)^(2)))+((ggbtmpvarb)*(x)))+(ggbtmpvarc),x)) [size(assume(x),solve((((ggbtmpvara)*((x)^(2)))+((ggbtmpvarb)*(x)))+(ggbtmpvarc),x))-1],when(type((((ggbtmpvara)*((x)^(2)))+((ggbtmpvarb)*(x)))+(ggbtmpvarc))==DOM_IDENT&&type(x)==DOM_SYMBOLIC&&(((ggbtmpvara)*((x)^(2)))+((ggbtmpvarb)*(x)))+(ggbtmpvarc)=='x',(assume(x),solve((((ggbtmpvara)*((x)^(2)))+((ggbtmpvarb)*(x)))+(ggbtmpvarc)=0,x))[size(assume(x),solve((((ggbtmpvara)*((x)^(2)))+((ggbtmpvarb)*(x)))+(ggbtmpvarc)=0,x))-1],when(size(x)==1,flatten1(ggbsort(normal([op(solve((((ggbtmpvara)*((x)^(2)))+((ggbtmpvarb)*(x)))+(ggbtmpvarc),x))]))),ggbsort(normal([op(solve((((ggbtmpvara)*((x)^(2)))+((ggbtmpvarb)*(x)))+(ggbtmpvarc),x))]))))))))
27<< {x=(1/2*(-ggbtmpvarb+√(ggbtmpvarb^2-4*ggbtmpvara*ggbtmpvarc))/ggbtmpvara),x=(1/2*(-ggbtmpvarb-√(ggbtmpvarb^2-4*ggbtmpvara*ggbtmpvarc))/ggbtmpvara)}
28>> caseval(regroup(evalfa([[ggbnumans:=[[[svdarg:={{(837465721/100000000), -((1201576219/100000000)), (1723993441/100000000), -((28939/10000)), (41521/10000), 1}, {(424936996/100000000), -((446993976/100000000)), (470195856/100000000), -((20614/10000)), (21684/10000), 1}, {(1971216/100000000), -((27748656/100000000)), (390615696/100000000), -((1404/10000)), (19764/10000), 1}, {(716739984/100000000), (811807356/100000000), (919484329/100000000), (26772/10000), (30323/10000), 1}, {(2677648516/100000000), (2959819454/100000000), (3271725601/100000000), (51746/10000), (57199/10000), 1}, {(1058526225/100000000), (264171186/10000000), (6592790416/100000000), (32535/10000), (81196/10000), 1}, {(2972176/100000000), -((117918152/100000000)), (4678286404/100000000), -((1724/10000)), (68398/10000), 1}}],[svgdim:=dim({{(837465721/100000000), -((1201576219/100000000)), (1723993441/100000000), -((28939/10000)), (41521/10000), 1}, {(424936996/100000000), -((446993976/100000000)), (470195856/100000000), -((20614/10000)), (21684/10000), 1}, {(1971216/100000000), -((27748656/100000000)), (390615696/100000000), -((1404/10000)), (19764/10000), 1}, {(716739984/100000000), (811807356/100000000), (919484329/100000000), (26772/10000), (30323/10000), 1}, {(2677648516/100000000), (2959819454/100000000), (3271725601/100000000), (51746/10000), (57199/10000), 1}, {(1058526225/100000000), (264171186/10000000), (6592790416/100000000), (32535/10000), (81196/10000), 1}, {(2972176/100000000), -((117918152/100000000)), (4678286404/100000000), -((1724/10000)), (68398/10000), 1}})],[svdresult:=svd(svdarg)],],{trn(trn(svdresult[0])[0..svgdim[1]-1]),diag(svdresult[1]),trn(trn(svdresult[2])[0..svgdim[0]-1])}][1]],when(dim(lname(ggbnumans))==0||lname(ggbnumans)==[unicode0176u],evalf(ggbnumans,2),normal(evalf(regroup(ggbnumans),2)))][1])))
28<< {{{-0.46,0.11,0.2,-0.74,-0.39,0.14},{0.36,-0.7,-0.02,-0.35,-0.12,0.041},{-0.044,-0.48,-0.53,-0.017,-0.057,0.038},{-0.36,0.19,-0.75,-0.11,0.18,0.13},{0.33,0.15,0.063,-0.39,0.67,0.48},{-0.39,-0.3,0.23,0.4,-0.026,0.74},{0.52,0.35,-0.24,0.068,-0.59,0.44}},{{0.041,0.0,0.0,0.0,0.0,0.0},{0.0,1.8,0.0,0.0,0.0,0.0},{0.0,0.0,2.6,0.0,0.0,0.0},{0.0,0.0,0.0,17.0,0.0,0.0},{0.0,0.0,0.0,0.0,34.0,0.0},{0.0,0.0,0.0,0.0,0.0,98.0}},{{-0.032,0.082,0.13,-0.85,0.45,0.23},{0.045,-0.21,0.023,0.48,0.78,0.33},{-0.059,0.069,0.1,0.063,-0.4,0.9},{-0.15,0.83,-0.51,0.11,0.16,0.047},{0.53,-0.34,-0.75,-0.16,-0.056,0.13},{-0.83,-0.38,-0.4,-0.066,-0.01,0.02}}}
29>> caseval(regroup(evalfa(when(type(sin(x)=sin((2)*(x)))==DOM_SYMBOLIC&&type(x)==DOM_SYMBOLIC&&(x)[0]!='of',(assume(x),solve(sin(x)=sin((2)*(x)),x)) [size(assume(x),solve(sin(x)=sin((2)*(x)),x))-1],when(type(sin(x)=sin((2)*(x)))==DOM_IDENT&&type(x)==DOM_SYMBOLIC&&sin(x)=sin((2)*(x))=='x',(assume(x),solve(sin(x)=sin((2)*(x))=0,x))[size(assume(x),solve(sin(x)=sin((2)*(x))=0,x))-1],when(size(x)==1,flatten1(ggbsort(normal([op(solve(sin(x)=sin((2)*(x)),x))]))),ggbsort(normal([op(solve(sin(x)=sin((2)*(x)),x))]))))))))
29<< {x=(2/3*n_16*pi+1/3*pi),x=(2*n_15*pi)}
30>> caseval(regroup(evalfa(equation(bisector(point(ggbtmpvarc,ggbtmpvard),point(ggbtmpvara,ggbtmpvarb),point(ggbtmpvare,ggbtmpvarf))))))
30<< y=((ggbtmpvarc^3-ggbtmpvara*ggbtmpvarc^2-ggbtmpvara*ggbtmpvard^2+ggbtmpvarc*ggbtmpvard^2+ggbtmpvare*(-ggbtmpvarc^2-ggbtmpvard^2+ggbtmpvara*ggbtmpvarc+ggbtmpvarb*ggbtmpvard)+ggbtmpvarf*(ggbtmpvara*ggbtmpvard-ggbtmpvarb*ggbtmpvarc)-ggbtmpvarc*√(ggbtmpvare^2+ggbtmpvarf^2+ggbtmpvarc^2+ggbtmpvard^2-2*ggbtmpvarc*ggbtmpvare-2*ggbtmpvard*ggbtmpvarf)*√(ggbtmpvara^2+ggbtmpvarb^2+ggbtmpvarc^2+ggbtmpvard^2-2*ggbtmpvara*ggbtmpvarc-2*ggbtmpvarb*ggbtmpvard))/(-ggbtmpvara*ggbtmpvard-ggbtmpvarb*ggbtmpvarc+2*ggbtmpvarc*ggbtmpvard+ggbtmpvare*(ggbtmpvarb-ggbtmpvard)+ggbtmpvarf*(ggbtmpvara-ggbtmpvarc))+x*(-ggbtmpvarc^2+ggbtmpvard^2+ggbtmpvara*ggbtmpvarc-ggbtmpvarb*ggbtmpvard-ggbtmpvare*(ggbtmpvara-ggbtmpvarc)-ggbtmpvarf*(-ggbtmpvarb+ggbtmpvard)+√(ggbtmpvare^2+ggbtmpvarf^2+ggbtmpvarc^2+ggbtmpvard^2-2*ggbtmpvarc*ggbtmpvare-2*ggbtmpvard*ggbtmpvarf)*√(ggbtmpvara^2+ggbtmpvarb^2+ggbtmpvarc^2+ggbtmpvard^2-2*ggbtmpvara*ggbtmpvarc-2*ggbtmpvarb*ggbtmpvard))/(-ggbtmpvara*ggbtmpvard-ggbtmpvarb*ggbtmpvarc+2*ggbtmpvarc*ggbtmpvard+ggbtmpvare*(ggbtmpvarb-ggbtmpvard)+ggbtmpvarf*(ggbtmpvara-ggbtmpvarc)))
31>> caseval(regroup())
31<< seq[]
