1>> eliminate([2*v8*v4+-1*v4^2+2*v7*v3+-1*v3^2,2*v8*v6+-1*v6^2+2*v7*v5+-1*v5^2,-1*v10^2+-1*v9^2+2*v10*v8+2*v9*v7,-1*v12+v5+v4,-1*v11+-1*v6+v3,-1*v14+v5+-1*v3,-1*v13+-1*v6+v4,v15*v14+-1*v16*v13,v15*v12+-1*v16*v11+-1*v15*v4+v11*v4+v16*v3+-1*v12*v3,-1*v18+v9+-1*v5+v4,-1*v17+-1*v10+v6+v3,-1*v20+v10+v5+-1*v3,-1*v19+v9+-1*v6+v4,v21*v18+-1*v22*v17+-1*v21*v4+v17*v4+v22*v3+-1*v18*v3,v21*v20+-1*v22*v19+-1*v21*v10+v19*v10+v22*v9+-1*v20*v9,v23*v16+-1*v24*v15+-1*v23*v10+v15*v10+v24*v9+-1*v16*v9,-1*v23*v22+v24*v21,-1+2*v25*v24*v22+-1*v25*v22^2+2*v25*v23*v21+-1*v25*v21^2],revlist([v7,v8,v10,v11,v12,v13,v14,v15,v17,v16,v19,v18,v21,v20,v23,v22,v25,v24]))
1<< [v4^7*v3*v6^2*v5*v9+2*v4^5*v3^3*v6^2*v5*v9+v4^3*v3^5*v6^2*v5*v9-5*v4^6*v3*v6^3*v5*v9-8*v4^4*v3^3*v6^3*v5*v9-3*v4^2*v3^5*v6^3*v5*v9+10*v4^5*v3*v6^4*v5*v9+12*v4^3*v3^3*v6^4*v5*v9+2*v4*v3^5*v6^4*v5*v9-10*v4^4*v3*v6^5*v5*v9-8*v4^2*v3^3*v6^5*v5*v9+5*v4^3*v3*v6^6*v5*v9+2*v4*v3^3*v6^6*v5*v9-v4^2*v3*v6^7*v5*v9+2*v4^6*v3^2*v6*v5^2*v9+4*v4^4*v3^4*v6*v5^2*v9+2*v4^2*v3^6*v6*v5^2*v9-10*v4^5*v3^2*v6^2*v5^2*v9-14*v4^3*v3^4*v6^2*v5^2*v9-4*v4*v3^6*v6^2*v5^2*v9+20*v4^4*v3^2*v6^3*v5^2*v9+22*v4^2*v3^4*v6^3*v5^2*v9+2*v3^6*v6^3*v5^2*v9-20*v4^3*v3^2*v6^4*v5^2*v9-14*v4*v3^4*v6^4*v5^2*v9+10*v4^2*v3^2*v6^5*v5^2*v9+2*v3^4*v6^5*v5^2*v9-2*v4*v3^2*v6^6*v5^2*v9+v4^5*v3^3*v5^3*v9+2*v4^3*v3^5*v5^3*v9+v4*v3^7*v5^3*v9-2*v4^6*v3*v6*v5^3*v9-11*v4^4*v3^3*v6*v5^3*v9-10*v4^2*v3^5*v6*v5^3*v9-v3^7*v6*v5^3*v9+8*v4^5*v3*v6^2*v5^3*v9+22*v4^3*v3^3*v6^2*v5^3*v9+14*v4*v3^5*v6^2*v5^3*v9-12*v4^4*v3*v6^3*v5^3*v9-22*v4^2*v3^3*v6^3*v5^3*v9-6*v3^5*v6^3*v5^3*v9+8*v4^3*v3*v6^4*v5^3*v9+11*v4*v3^3*v6^4*v5^3*v9-2*v4^2*v3*v6^5*v5^3*v9-v3^3*v6^5*v5^3*v9-2*v4^5*v3^2*v5^4*v9-6*v4^3*v3^4*v5^4*v9-4*v4*v3^6*v5^4*v9+14*v4^4*v3^2*v6*v5^4*v9+18*v4^2*v3^4*v6*v5^4*v9+4*v3^6*v6*v5^4*v9-22*v4^3*v3^2*v6^2*v5^4*v9-18*v4*v3^4*v6^2*v5^4*v9+14*v4^2*v3^2*v6^3*v5^4*v9+6*v3^4*v6^3*v5^4*v9-4*v4*v3^2*v6^4*v5^4*v9+6*v4^3*v3^3*v5^5*v9+6*v4*v3^5*v5^5*v9-2*v4^4*v3*v6*v5^5*v9-14*v4^2*v3^3*v6*v5^5*v9-6*v3^5*v6*v5^5*v9+3*v4^3*v3*v6^2*v5^5*v9+10*v4*v3^3*v6^2*v5^5*v9-v4^2*v3*v6^3*v5^5*v9-2*v3^3*v6^3*v5^5*v9-2*v4^3*v3^2*v5^6*v9-4*v4*v3^4*v5^6*v9+4*v4^2*v3^2*v6*v5^6*v9+4*v3^4*v6*v5^6*v9-2*v4*v3^2*v6^2*v5^6*v9+v4*v3^3*v5^7*v9-v3^3*v6*v5^7*v9-v4^7*v3*v6^2*v9^2-2*v4^5*v3^3*v6^2*v9^2-v4^3*v3^5*v6^2*v9^2+5*v4^6*v3*v6^3*v9^2+8*v4^4*v3^3*v6^3*v9^2+3*v4^2*v3^5*v6^3*v9^2-10*v4^5*v3*v6^4*v9^2-12*v4^3*v3^3*v6^4*v9^2-2*v4*v3^5*v6^4*v9^2+10*v4^4*v3*v6^5*v9^2+8*v4^2*v3^3*v6^5*v9^2-5*v4^3*v3*v6^6*v9^2-2*v4*v3^3*v6^6*v9^2+v4^2*v3*v6^7*v9^2-2*v4^6*v3^2*v6*v5*v9^2-4*v4^4*v3^4*v6*v5*v9^2-2*v4^2*v3^6*v6*v5*v9^2-v4^7*v6^2*v5*v9^2+7*v4^5*v3^2*v6^2*v5*v9^2+11*v4^3*v3^4*v6^2*v5*v9^2+3*v4*v3^6*v6^2*v5*v9^2+5*v4^6*v6^3*v5*v9^2-8*v4^4*v3^2*v6^3*v5*v9^2-15*v4^2*v3^4*v6^3*v5*v9^2-2*v3^6*v6^3*v5*v9^2-10*v4^5*v6^4*v5*v9^2+2*v4^3*v3^2*v6^4*v5*v9^2+10*v4*v3^4*v6^4*v5*v9^2+10*v4^4*v6^5*v5*v9^2+2*v4^2*v3^2*v6^5*v5*v9^2-2*v3^4*v6^5*v5*v9^2-5*v4^3*v6^6*v5*v9^2-v4*v3^2*v6^6*v5*v9^2+v4^2*v6^7*v5*v9^2-v4^5*v3^3*v5^2*v9^2-2*v4^3*v3^5*v5^2*v9^2-v4*v3^7*v5^2*v9^2+v4^6*v3*v6*v5^2*v9^2+8*v4^4*v3^3*v6*v5^2*v9^2+7*v4^2*v3^5*v6*v5^2*v9^2-2*v4^5*v3*v6^2*v5^2*v9^2-4*v4^3*v3^3*v6^2*v5^2*v9^2-2*v4*v3^5*v6^2*v5^2*v9^2-2*v4^4*v3*v6^3*v5^2*v9^2-12*v4^2*v3^3*v6^3*v5^2*v9^2+2*v3^5*v6^3*v5^2*v9^2+8*v4^3*v3*v6^4*v5^2*v9^2+11*v4*v3^3*v6^4*v5^2*v9^2-7*v4^2*v3*v6^5*v5^2*v9^2-2*v3^3*v6^5*v5^2*v9^2+2*v4*v3*v6^6*v5^2*v9^2+2*v4^5*v3^2*v5^3*v9^2+6*v4^3*v3^4*v5^3*v9^2+4*v4*v3^6*v5^3*v9^2+2*v4^6*v6*v5^3*v9^2-11*v4^4*v3^2*v6*v5^3*v9^2-12*v4^2*v3^4*v6*v5^3*v9^2+v3^6*v6*v5^3*v9^2-8*v4^5*v6^2*v5^3*v9^2+12*v4^3*v3^2*v6^2*v5^3*v9^2-8*v4*v3^4*v6^2*v5^3*v9^2+12*v4^4*v6^3*v5^3*v9^2+4*v4^2*v3^2*v6^3*v5^3*v9^2+4*v3^4*v6^3*v5^3*v9^2-8*v4^3*v6^4*v5^3*v9^2-8*v4*v3^2*v6^4*v5^3*v9^2+2*v4^2*v6^5*v5^3*v9^2+v3^2*v6^5*v5^3*v9^2+2*v4^5*v3*v5^4*v9^2-4*v4^3*v3^3*v5^4*v9^2-6*v4*v3^5*v5^4*v9^2-10*v4^4*v3*v6*v5^4*v9^2+8*v4^2*v3^3*v6*v5^4*v9^2-4*v3^5*v6*v5^4*v9^2+15*v4^3*v3*v6^2*v5^4*v9^2+12*v4*v3^3*v6^2*v5^4*v9^2-11*v4^2*v3*v6^3*v5^4*v9^2-6*v3^3*v6^3*v5^4*v9^2+4*v4*v3*v6^4*v5^4*v9^2-2*v4^3*v3^2*v5^5*v9^2+4*v4*v3^4*v5^5*v9^2+2*v4^4*v6*v5^5*v9^2+2*v4^2*v3^2*v6*v5^5*v9^2+6*v3^4*v6*v5^5*v9^2-3*v4^3*v6^2*v5^5*v9^2-7*v4*v3^2*v6^2*v5^5*v9^2+v4^2*v6^3*v5^5*v9^2+2*v3^2*v6^3*v5^5*v9^2+2*v4^3*v3*v5^6*v9^2-v4*v3^3*v5^6*v9^2-3*v4^2*v3*v6*v5^6*v9^2-4*v3^3*v6*v5^6*v9^2+2*v4*v3*v6^2*v5^6*v9^2+v3^2*v6*v5^7*v9^2+v4^7*v6^2*v9^3+3*v4^5*v3^2*v6^2*v9^3+3*v4^3*v3^4*v6^2*v9^3+v4*v3^6*v6^2*v9^3-5*v4^6*v6^3*v9^3-12*v4^4*v3^2*v6^3*v9^3-7*v4^2*v3^4*v6^3*v9^3+10*v4^5*v6^4*v9^3+18*v4^3*v3^2*v6^4*v9^3+4*v4*v3^4*v6^4*v9^3-10*v4^4*v6^5*v9^3-12*v4^2*v3^2*v6^5*v9^3+5*v4^3*v6^6*v9^3+3*v4*v3^2*v6^6*v9^3-v4^2*v6^7*v9^3+v4^6*v3*v6*v5*v9^3+3*v4^4*v3^3*v6*v5*v9^3+3*v4^2*v3^5*v6*v5*v9^3+v3^7*v6*v5*v9^3-5*v4^5*v3*v6^2*v5*v9^3-16*v4^3*v3^3*v6^2*v5*v9^3-11*v4*v3^5*v6^2*v5*v9^3+10*v4^4*v3*v6^3*v5*v9^3+30*v4^2*v3^3*v6^3*v5*v9^3+4*v3^5*v6^3*v5*v9^3-10*v4^3*v3*v6^4*v5*v9^3-20*v4*v3^3*v6^4*v5*v9^3+5*v4^2*v3*v6^5*v5*v9^3+3*v3^3*v6^5*v5*v9^3-v4*v3*v6^6*v5*v9^3-3*v4^6*v6*v5^2*v9^3-4*v4^4*v3^2*v6*v5^2*v9^3-5*v4^2*v3^4*v6*v5^2*v9^3-4*v3^6*v6*v5^2*v9^3+12*v4^5*v6^2*v5^2*v9^3+6*v4^3*v3^2*v6^2*v5^2*v9^3+18*v4*v3^4*v6^2*v5^2*v9^3-18*v4^4*v6^3*v5^2*v9^3-6*v4^2*v3^2*v6^3*v5^2*v9^3-8*v3^4*v6^3*v5^2*v9^3+12*v4^3*v6^4*v5^2*v9^3+4*v4*v3^2*v6^4*v5^2*v9^3-3*v4^2*v6^5*v5^2*v9^3-3*v4^5*v3*v5^3*v9^3-4*v4^3*v3^3*v5^3*v9^3-v4*v3^5*v5^3*v9^3+20*v4^4*v3*v6*v5^3*v9^3+10*v4^2*v3^3*v6*v5^3*v9^3+6*v3^5*v6*v5^3*v9^3-30*v4^3*v3*v6^2*v5^3*v9^3-10*v4*v3^3*v6^2*v5^3*v9^3+16*v4^2*v3*v6^3*v5^3*v9^3+4*v3^3*v6^3*v5^3*v9^3-3*v4*v3*v6^4*v5^3*v9^3+8*v4^3*v3^2*v5^4*v9^3+4*v4*v3^4*v5^4*v9^3-4*v4^4*v6*v5^4*v9^3-18*v4^2*v3^2*v6*v5^4*v9^3-4*v3^4*v6*v5^4*v9^3+7*v4^3*v6^2*v5^4*v9^3+5*v4*v3^2*v6^2*v5^4*v9^3-3*v4^2*v6^3*v5^4*v9^3-4*v4^3*v3*v5^5*v9^3-6*v4*v3^3*v5^5*v9^3+11*v4^2*v3*v6*v5^5*v9^3+v3^3*v6*v5^5*v9^3-3*v4*v3*v6^2*v5^5*v9^3+4*v4*v3^2*v5^6*v9^3-v4^2*v6*v5^6*v9^3-v4*v3*v5^7*v9^3-v4^5*v3*v6^2*v9^4-2*v4^3*v3^3*v6^2*v9^4-v4*v3^5*v6^2*v9^4+4*v4^4*v3*v6^3*v9^4+4*v4^2*v3^3*v6^3*v9^4-6*v4^3*v3*v6^4*v9^4-2*v4*v3^3*v6^4*v9^4+4*v4^2*v3*v6^5*v9^4-v4*v3*v6^6*v9^4+v4^6*v6*v5*v9^4+v4^4*v3^2*v6*v5*v9^4-v4^2*v3^4*v6*v5*v9^4-v3^6*v6*v5*v9^4-4*v4^5*v6^2*v5*v9^4+4*v4^3*v3^2*v6^2*v5*v9^4+8*v4*v3^4*v6^2*v5*v9^4+6*v4^4*v6^3*v5*v9^4-12*v4^2*v3^2*v6^3*v5*v9^4-2*v3^4*v6^3*v5*v9^4-4*v4^3*v6^4*v5*v9^4+8*v4*v3^2*v6^4*v5*v9^4+v4^2*v6^5*v5*v9^4-v3^2*v6^5*v5*v9^4+v4^5*v3*v5^2*v9^4+2*v4^3*v3^3*v5^2*v9^4+v4*v3^5*v5^2*v9^4-8*v4^4*v3*v6*v5^2*v9^4-4*v4^2*v3^3*v6*v5^2*v9^4+4*v3^5*v6*v5^2*v9^4+12*v4^3*v3*v6^2*v5^2*v9^4-12*v4*v3^3*v6^2*v5^2*v9^4-4*v4^2*v3*v6^3*v5^2*v9^4+4*v3^3*v6^3*v5^2*v9^4-v4*v3*v6^4*v5^2*v9^4-4*v4^3*v3^2*v5^3*v9^4-4*v4*v3^4*v5^3*v9^4+2*v4^4*v6*v5^3*v9^4+12*v4^2*v3^2*v6*v5^3*v9^4-6*v3^4*v6*v5^3*v9^4-4*v4^3*v6^2*v5^3*v9^4+4*v4*v3^2*v6^2*v5^3*v9^4+2*v4^2*v6^3*v5^3*v9^4-2*v3^2*v6^3*v5^3*v9^4+2*v4^3*v3*v5^4*v9^4+6*v4*v3^3*v5^4*v9^4-8*v4^2*v3*v6*v5^4*v9^4+4*v3^3*v6*v5^4*v9^4+v4*v3*v6^2*v5^4*v9^4-4*v4*v3^2*v5^5*v9^4+v4^2*v6*v5^5*v9^4-v3^2*v6*v5^5*v9^4+v4*v3*v5^6*v9^4]
