1>> eliminate([-1*v7*v6+v8*v5+v7*v4+-1*v5*v4+-1*v8*v3+v6*v3,-1*v9*v6+v10*v5+v9*v4+-1*v5*v4+-1*v10*v3+v6*v3,-1*v11*v6^2+-1*v11*v5^2+v5*v4^2+v5*v3^2,-1*v12*v6^2+-1*v12*v5^2+v6*v4^2+v6*v3^2,-1*v13*v8^2+-1*v13*v7^2+v7*v4^2+v7*v3^2,-1*v14*v8^2+-1*v14*v7^2+v8*v4^2+v8*v3^2,-1*v15*v10^2+-1*v15*v9^2+v9*v4^2+v9*v3^2,-1*v16*v10^2+-1*v16*v9^2+v10*v4^2+v10*v3^2,-1+-1*v17*v15*v14^2*v12+v17*v16^2*v13*v12+v17*v15^2*v13*v12+-1*v17*v15*v13^2*v12+v17*v15*v14*v12^2+-1*v17*v16*v13*v12^2+-1*v17*v16^2*v14*v11+-1*v17*v15^2*v14*v11+v17*v16*v14^2*v11+v17*v16*v13^2*v11+v17*v15*v14*v11^2+-1*v17*v16*v13*v11^2+v17*v15*v14^2*v4+-1*v17*v16^2*v13*v4+-1*v17*v15^2*v13*v4+v17*v15*v13^2*v4+-1*v17*v15*v12^2*v4+v17*v13*v12^2*v4+v17*v16^2*v11*v4+v17*v15^2*v11*v4+-1*v17*v14^2*v11*v4+-1*v17*v13^2*v11*v4+-1*v17*v15*v11^2*v4+v17*v13*v11^2*v4+-1*v17*v15*v14*v4^2+v17*v16*v13*v4^2+v17*v15*v12*v4^2+-1*v17*v13*v12*v4^2+-1*v17*v16*v11*v4^2+v17*v14*v11*v4^2+v17*v16^2*v14*v3+v17*v15^2*v14*v3+-1*v17*v16*v14^2*v3+-1*v17*v16*v13^2*v3+-1*v17*v16^2*v12*v3+-1*v17*v15^2*v12*v3+v17*v14^2*v12*v3+v17*v13^2*v12*v3+v17*v16*v12^2*v3+-1*v17*v14*v12^2*v3+v17*v16*v11^2*v3+-1*v17*v14*v11^2*v3+-1*v17*v15*v14*v3^2+v17*v16*v13*v3^2+v17*v15*v12*v3^2+-1*v17*v13*v12*v3^2+-1*v17*v16*v11*v3^2+v17*v14*v11*v3^2],revlist([v17,v16,v8,v10,v11,v12,v13,v14,v15]))
1<< [v7*v6^4*v3^3*v9+2*v7*v6^2*v5^2*v3^3*v9+v7*v5^4*v3^3*v9-3*v7*v6^4*v3^2*v9^2-2*v7*v6^2*v5^2*v3^2*v9^2+v7*v5^4*v3^2*v9^2-4*v7*v6^2*v5*v3^3*v9^2-4*v7*v5^3*v3^3*v9^2+3*v7*v6^4*v3*v9^3+2*v7*v6^2*v5^2*v3*v9^3-v7*v5^4*v3*v9^3+4*v7*v6^2*v3^3*v9^3+4*v7*v5^2*v3^3*v9^3-v7*v6^4*v9^4-2*v7*v6^2*v5^2*v9^4-v7*v5^4*v9^4+4*v7*v6^2*v5*v3*v9^4+4*v7*v5^3*v3*v9^4-4*v7*v6^2*v3^2*v9^4-4*v7*v5^2*v3^2*v9^4,2*v6^3*v5^2*v4^2*v3+2*v6*v5^4*v4^2*v3-3*v6^4*v5*v4*v3^2-2*v6^2*v5^3*v4*v3^2+v5^5*v4*v3^2+v6^5*v3^3-v6*v5^4*v3^3-2*v6^3*v5^2*v4^2*v9-2*v6*v5^4*v4^2*v9+4*v6^4*v5*v4*v3*v9+4*v6^2*v5^3*v4*v3*v9-2*v6^3*v5*v4^2*v3*v9-2*v6*v5^3*v4^2*v3*v9-2*v6^5*v3^2*v9-2*v6^3*v5^2*v3^2*v9+2*v6^4*v4*v3^2*v9-2*v5^4*v4*v3^2*v9+2*v6^3*v5*v3^3*v9+2*v6*v5^3*v3^3*v9-v6^4*v5*v4*v9^2-2*v6^2*v5^3*v4*v9^2-v5^5*v4*v9^2+2*v6^3*v5*v4^2*v9^2+2*v6*v5^3*v4^2*v9^2+v6^5*v3*v9^2+2*v6^3*v5^2*v3*v9^2+v6*v5^4*v3*v9^2-2*v6^4*v4*v3*v9^2+2*v5^4*v4*v3*v9^2-2*v6^3*v5*v3^2*v9^2-2*v6*v5^3*v3^2*v9^2,2*v7*v6^3*v5*v4*v3*v9+2*v7*v6*v5^3*v4*v3*v9-v7*v6^4*v3^2*v9+v7*v5^4*v3^2*v9-2*v7*v6^3*v5*v4*v9^2-2*v7*v6*v5^3*v4*v9^2+2*v7*v6^4*v3*v9^2+2*v7*v6^2*v5^2*v3*v9^2-2*v7*v6^3*v4*v3*v9^2-2*v7*v6*v5^2*v4*v3*v9^2-2*v7*v6^2*v5*v3^2*v9^2-2*v7*v5^3*v3^2*v9^2-v7*v6^4*v9^3-2*v7*v6^2*v5^2*v9^3-v7*v5^4*v9^3+2*v7*v6^3*v4*v9^3+2*v7*v6*v5^2*v4*v9^3+2*v7*v6^2*v5*v3*v9^3+2*v7*v5^3*v3*v9^3,4*v7^2*v6*v5^2*v4*v3*v9-4*v7*v6*v5^3*v4*v3*v9+2*v6^2*v5^2*v4^2*v3*v9+2*v7*v6^2*v5^2*v3^2*v9+4*v7^2*v5^3*v3^2*v9-2*v7*v5^4*v3^2*v9-3*v6^3*v5*v4*v3^2*v9-4*v7*v6*v5^2*v4*v3^2*v9+v6*v5^3*v4*v3^2*v9+v6^4*v3^3*v9-v6^2*v5^2*v3^3*v9-4*v7*v5^3*v3^3*v9-4*v7^2*v6*v5^2*v4*v9^2+4*v7*v6*v5^3*v4*v9^2-2*v6^2*v5^2*v4^2*v9^2-4*v7*v6^2*v5^2*v3*v9^2-4*v7^2*v5^3*v3*v9^2+4*v6^3*v5*v4*v3*v9^2+4*v7*v6*v5^2*v4*v3*v9^2-2*v6^2*v5*v4^2*v3*v9^2-4*v5^3*v4^2*v3*v9^2-2*v6^4*v3^2*v9^2+4*v7*v5^3*v3^2*v9^2+2*v6^3*v4*v3^2*v9^2+2*v6*v5^2*v4*v3^2*v9^2+2*v6^2*v5*v3^3*v9^2+2*v7*v6^2*v5^2*v9^3+2*v7*v5^4*v9^3-v6^3*v5*v4*v9^3-v6*v5^3*v4*v9^3+2*v6^2*v5*v4^2*v9^3+4*v5^3*v4^2*v9^3+2*v7^2*v6^2*v3*v9^3+v6^4*v3*v9^3+2*v7^2*v5^2*v3*v9^3+v6^2*v5^2*v3*v9^3-4*v7^2*v6*v4*v3*v9^3-2*v6^3*v4*v3*v9^3+4*v7*v6*v5*v4*v3*v9^3-2*v6*v5^2*v4*v3*v9^3+2*v5^2*v4^2*v3*v9^3-4*v7*v6^2*v3^2*v9^3-4*v7^2*v5*v3^2*v9^3-2*v6^2*v5*v3^2*v9^3+4*v7*v6*v4*v3^2*v9^3-4*v6*v5*v4*v3^2*v9^3+2*v6^2*v3^3*v9^3+4*v7*v5*v3^3*v9^3-2*v7^2*v6^2*v9^4-2*v7^2*v5^2*v9^4+4*v7^2*v6*v4*v9^4-4*v7*v6*v5*v4*v9^4-2*v5^2*v4^2*v9^4+4*v7*v6^2*v3*v9^4+4*v7^2*v5*v3*v9^4-4*v7*v6*v4*v3*v9^4+4*v6*v5*v4*v3*v9^4-2*v6^2*v3^2*v9^4-4*v7*v5*v3^2*v9^4,4*v7*v6^2*v5^2*v4*v3*v9+4*v7^2*v5^3*v4*v3*v9+2*v6*v5^3*v4^2*v3*v9-2*v7*v6^3*v5*v3^2*v9-4*v7^2*v6*v5^2*v3^2*v9+2*v7*v6*v5^3*v3^2*v9-3*v6^2*v5^2*v4*v3^2*v9-4*v7*v5^3*v4*v3^2*v9+v5^4*v4*v3^2*v9+v6^3*v5*v3^3*v9+4*v7*v6*v5^2*v3^3*v9-v6*v5^3*v3^3*v9-4*v7*v6^2*v5^2*v4*v9^2-4*v7^2*v5^3*v4*v9^2-2*v6*v5^3*v4^2*v9^2+4*v7*v6^3*v5*v3*v9^2+4*v7^2*v6*v5^2*v3*v9^2-8*v7*v6^2*v5*v4*v3*v9^2-4*v7^2*v5^2*v4*v3*v9^2+4*v6^2*v5^2*v4*v3*v9^2-4*v6*v5^2*v4^2*v3*v9^2+2*v7*v6^3*v3^2*v9^2+4*v7^2*v6*v5*v3^2*v9^2-2*v6^3*v5*v3^2*v9^2-6*v7*v6*v5^2*v3^2*v9^2+5*v6^2*v5*v4*v3^2*v9^2+4*v7*v5^2*v4*v3^2*v9^2+v5^3*v4*v3^2*v9^2-v6^3*v3^3*v9^2-4*v7*v6*v5*v3^3*v9^2-v6*v5^2*v3^3*v9^2-2*v7*v6^3*v5*v9^3-2*v7*v6*v5^3*v9^3+8*v7*v6^2*v5*v4*v9^3+4*v7^2*v5^2*v4*v9^3-v6^2*v5^2*v4*v9^3+4*v7*v5^3*v4*v9^3-v5^4*v4*v9^3+4*v6*v5^2*v4^2*v9^3-4*v7*v6^3*v3*v9^3-4*v7^2*v6*v5*v3*v9^3+v6^3*v5*v3*v9^3+v6*v5^3*v3*v9^3+4*v7*v6^2*v4*v3*v9^3-6*v6^2*v5*v4*v3*v9^3-2*v5^3*v4*v3*v9^3+2*v6*v5*v4^2*v3*v9^3+2*v6^3*v3^2*v9^3+4*v7*v6*v5*v3^2*v9^3+2*v6*v5^2*v3^2*v9^3-2*v6^2*v4*v3^2*v9^3-2*v5^2*v4*v3^2*v9^3+2*v6*v5*v3^3*v9^3+2*v7*v6^3*v9^4+2*v7*v6*v5^2*v9^4-4*v7*v6^2*v4*v9^4+v6^2*v5*v4*v9^4-4*v7*v5^2*v4*v9^4+v5^3*v4*v9^4-2*v6*v5*v4^2*v9^4-v6^3*v3*v9^4-v6*v5^2*v3*v9^4+2*v6^2*v4*v3*v9^4+2*v5^2*v4*v3*v9^4-2*v6*v5*v3^2*v9^4,v7*v6^3*v4*v3^2*v9+v7*v6*v5^2*v4*v3^2*v9+v7*v6^2*v5*v3^3*v9+v7*v5^3*v3^3*v9-2*v7*v6^3*v4*v3*v9^2-2*v7*v6*v5^2*v4*v3*v9^2-2*v7*v6^2*v3^3*v9^2-2*v7*v5^2*v3^3*v9^2+v7*v6^3*v4*v9^3+v7*v6*v5^2*v4*v9^3-v7*v6^2*v5*v3*v9^3-v7*v5^3*v3*v9^3+2*v7*v6^2*v3^2*v9^3+2*v7*v5^2*v3^2*v9^3,2*v7^2*v6*v5*v4*v3^2*v9-2*v7*v6*v5^2*v4*v3^2*v9-v5^3*v4^2*v3^2*v9+v7*v6^2*v5*v3^3*v9+2*v7^2*v5^2*v3^3*v9-v7*v5^3*v3^3*v9-2*v7*v6*v5*v4*v3^3*v9+2*v6*v5^2*v4*v3^3*v9-v6^2*v5*v3^4*v9-2*v7*v5^2*v3^4*v9-2*v7^2*v6*v5*v4*v3*v9^2+2*v7*v6*v5^2*v4*v3*v9^2-2*v7*v6^2*v5*v3^2*v9^2-2*v7^2*v5^2*v3^2*v9^2-2*v7^2*v6*v4*v3^2*v9^2+4*v7*v6*v5*v4*v3^2*v9^2-2*v6*v5^2*v4*v3^2*v9^2+v5^2*v4^2*v3^2*v9^2-v7*v6^2*v3^3*v9^2-2*v7^2*v5*v3^3*v9^2+2*v6^2*v5*v3^3*v9^2+3*v7*v5^2*v3^3*v9^2+2*v7*v6*v4*v3^3*v9^2-2*v6*v5*v4*v3^3*v9^2+v6^2*v3^4*v9^2+2*v7*v5*v3^4*v9^2+v5^3*v4^2*v9^3+v7*v6^2*v5*v3*v9^3+v7*v5^3*v3*v9^3+2*v7^2*v6*v4*v3*v9^3-2*v7*v6*v5*v4*v3*v9^3+2*v7*v6^2*v3^2*v9^3+2*v7^2*v5*v3^2*v9^3-v6^2*v5*v3^2*v9^3-2*v7*v6*v4*v3^2*v9^3+2*v6*v5*v4*v3^2*v9^3-2*v6^2*v3^3*v9^3-2*v7*v5*v3^3*v9^3-v5^2*v4^2*v9^4-v7*v6^2*v3*v9^4-v7*v5^2*v3*v9^4+v6^2*v3^2*v9^4,2*v7^2*v5^2*v4*v3^2*v9-2*v7*v5^3*v4*v3^2*v9+v6*v5^2*v4^2*v3^2*v9+v7*v6^3*v3^3*v9-2*v7^2*v6*v5*v3^3*v9+3*v7*v6*v5^2*v3^3*v9-2*v7*v5^2*v4*v3^3*v9+2*v5^3*v4*v3^3*v9-v6^3*v3^4*v9+2*v7*v6*v5*v3^4*v9-2*v6*v5^2*v3^4*v9-2*v7*v6^2*v5*v4*v3*v9^2-2*v7^2*v5^2*v4*v3*v9^2-4*v6*v5^2*v4^2*v3*v9^2-2*v7*v6^3*v3^2*v9^2+2*v7^2*v6*v5*v3^2*v9^2-4*v7*v6*v5^2*v3^2*v9^2+v7*v6^2*v4*v3^2*v9^2-2*v7^2*v5*v4*v3^2*v9^2+2*v6^2*v5*v4*v3^2*v9^2+5*v7*v5^2*v4*v3^2*v9^2+v6*v5*v4^2*v3^2*v9^2+2*v7^2*v6*v3^3*v9^2+2*v6^3*v3^3*v9^2-4*v7*v6*v5*v3^3*v9^2-v6^2*v4*v3^3*v9^2+2*v7*v5*v4*v3^3*v9^2-3*v5^2*v4*v3^3*v9^2-2*v7*v6*v3^4*v9^2+3*v6*v5*v3^4*v9^2+2*v7*v6^2*v5*v4*v9^3+2*v7*v5^3*v4*v9^3+3*v6*v5^2*v4^2*v9^3+v7*v6^3*v3*v9^3+v7*v6*v5^2*v3*v9^3+2*v7^2*v5*v4*v3*v9^3-2*v6^2*v5*v4*v3*v9^3-2*v7*v5^2*v4*v3*v9^3-2*v5^3*v4*v3*v9^3-2*v7^2*v6*v3^2*v9^3-v6^3*v3^2*v9^3+2*v7*v6*v5*v3^2*v9^3+2*v6*v5^2*v3^2*v9^3-2*v7*v5*v4*v3^2*v9^3+2*v5^2*v4*v3^2*v9^3+2*v7*v6*v3^3*v9^3-2*v6*v5*v3^3*v9^3-v7*v6^2*v4*v9^4-v7*v5^2*v4*v9^4-v6*v5*v4^2*v9^4+v6^2*v4*v3*v9^4+v5^2*v4*v3*v9^4-v6*v5*v3^2*v9^4,2*v7*v6^2*v5^2*v4^2-4*v7*v6^3*v5*v4*v3-4*v7^2*v6*v5^2*v4*v3-2*v6^2*v5^2*v4^2*v3+2*v7*v6^4*v3^2+4*v7^2*v6^2*v5*v3^2+3*v6^3*v5*v4*v3^2+4*v7*v6*v5^2*v4*v3^2-v6*v5^3*v4*v3^2-v6^4*v3^3-4*v7*v6^2*v5*v3^3+v6^2*v5^2*v3^3+4*v7*v6^3*v5*v4*v9+4*v7^2*v6*v5^2*v4*v9+2*v6^2*v5^2*v4^2*v9-4*v7*v6^4*v3*v9+4*v7^2*v5^3*v3*v9+4*v7*v6^3*v4*v3*v9-8*v7^2*v6*v5*v4*v3*v9-4*v6^3*v5*v4*v3*v9+8*v7*v6*v5^2*v4*v3*v9+2*v6^2*v5*v4^2*v3*v9+4*v5^3*v4^2*v3*v9+2*v6^4*v3^2*v9-4*v7*v6^2*v5*v3^2*v9-8*v7^2*v5^2*v3^2*v9-2*v6^3*v4*v3^2*v9+8*v7*v6*v5*v4*v3^2*v9-10*v6*v5^2*v4*v3^2*v9+6*v6^2*v5*v3^3*v9+8*v7*v5^2*v3^3*v9+2*v7*v6^4*v9^2-4*v7^2*v6^2*v5*v9^2+2*v7*v6^2*v5^2*v9^2-4*v7^2*v5^3*v9^2-4*v7*v6^3*v4*v9^2+8*v7^2*v6*v5*v4*v9^2+v6^3*v5*v4*v9^2-12*v7*v6*v5^2*v4*v9^2+v6*v5^3*v4*v9^2-2*v6^2*v5*v4^2*v9^2-4*v5^3*v4^2*v9^2-6*v7^2*v6^2*v3*v9^2-v6^4*v3*v9^2+8*v7*v6^2*v5*v3*v9^2+2*v7^2*v5^2*v3*v9^2-v6^2*v5^2*v3*v9^2+12*v7^2*v6*v4*v3*v9^2+2*v6^3*v4*v3*v9^2-20*v7*v6*v5*v4*v3*v9^2+10*v6*v5^2*v4*v3*v9^2-6*v5^2*v4^2*v3*v9^2+12*v7*v6^2*v3^2*v9^2+12*v7^2*v5*v3^2*v9^2-6*v6^2*v5*v3^2*v9^2-8*v7*v5^2*v3^2*v9^2-12*v7*v6*v4*v3^2*v9^2+12*v6*v5*v4*v3^2*v9^2-6*v6^2*v3^3*v9^2-12*v7*v5*v3^3*v9^2+6*v7^2*v6^2*v9^3+6*v7^2*v5^2*v9^3-12*v7^2*v6*v4*v9^3+12*v7*v6*v5*v4*v9^3+6*v5^2*v4^2*v9^3-12*v7*v6^2*v3*v9^3-12*v7^2*v5*v3*v9^3+12*v7*v6*v4*v3*v9^3-12*v6*v5*v4*v3*v9^3+6*v6^2*v3^2*v9^3+12*v7*v5*v3^2*v9^3,2*v7*v6*v5^3*v4^2-4*v7*v6^2*v5^2*v4*v3-4*v7^2*v5^3*v4*v3-2*v6*v5^3*v4^2*v3+2*v7*v6^3*v5*v3^2+4*v7^2*v6*v5^2*v3^2+3*v6^2*v5^2*v4*v3^2+4*v7*v5^3*v4*v3^2-v5^4*v4*v3^2-v6^3*v5*v3^3-4*v7*v6*v5^2*v3^3+v6*v5^3*v3^3+4*v7*v6^2*v5^2*v4*v9+4*v7^2*v5^3*v4*v9+2*v6*v5^3*v4^2*v9-4*v7*v6^3*v5*v3*v9-4*v7^2*v6*v5^2*v3*v9+8*v7*v6^2*v5*v4*v3*v9+4*v7^2*v5^2*v4*v3*v9-4*v6^2*v5^2*v4*v3*v9+4*v6*v5^2*v4^2*v3*v9-2*v7*v6^3*v3^2*v9-4*v7^2*v6*v5*v3^2*v9+2*v6^3*v5*v3^2*v9+6*v7*v6*v5^2*v3^2*v9-5*v6^2*v5*v4*v3^2*v9-4*v7*v5^2*v4*v3^2*v9-v5^3*v4*v3^2*v9+v6^3*v3^3*v9+4*v7*v6*v5*v3^3*v9+v6*v5^2*v3^3*v9+2*v7*v6^3*v5*v9^2+2*v7*v6*v5^3*v9^2-8*v7*v6^2*v5*v4*v9^2-4*v7^2*v5^2*v4*v9^2+v6^2*v5^2*v4*v9^2-4*v7*v5^3*v4*v9^2+v5^4*v4*v9^2-4*v6*v5^2*v4^2*v9^2+4*v7*v6^3*v3*v9^2+4*v7^2*v6*v5*v3*v9^2-v6^3*v5*v3*v9^2-v6*v5^3*v3*v9^2-4*v7*v6^2*v4*v3*v9^2+6*v6^2*v5*v4*v3*v9^2+2*v5^3*v4*v3*v9^2-2*v6*v5*v4^2*v3*v9^2-2*v6^3*v3^2*v9^2-4*v7*v6*v5*v3^2*v9^2-2*v6*v5^2*v3^2*v9^2+2*v6^2*v4*v3^2*v9^2+2*v5^2*v4*v3^2*v9^2-2*v6*v5*v3^3*v9^2-2*v7*v6^3*v9^3-2*v7*v6*v5^2*v9^3+4*v7*v6^2*v4*v9^3-v6^2*v5*v4*v9^3+4*v7*v5^2*v4*v9^3-v5^3*v4*v9^3+2*v6*v5*v4^2*v9^3+v6^3*v3*v9^3+v6*v5^2*v3*v9^3-2*v6^2*v4*v3*v9^3-2*v5^2*v4*v3*v9^3+2*v6*v5*v3^2*v9^3,2*v7*v5^4*v4^2+4*v7^2*v6*v5^2*v4*v3-4*v7*v6*v5^3*v4*v3+2*v6^2*v5^2*v4^2*v3-4*v7^2*v6^2*v5*v3^2+2*v7*v6^2*v5^2*v3^2-3*v6^3*v5*v4*v3^2-4*v7*v6*v5^2*v4*v3^2+v6*v5^3*v4*v3^2+v6^4*v3^3+4*v7*v6^2*v5*v3^3-v6^2*v5^2*v3^3-4*v7^2*v6*v5^2*v4*v9+4*v7*v6*v5^3*v4*v9-2*v6^2*v5^2*v4^2*v9-4*v7*v6^2*v5^2*v3*v9-4*v7^2*v5^3*v3*v9+8*v7^2*v6*v5*v4*v3*v9+4*v6^3*v5*v4*v3*v9-4*v7*v6*v5^2*v4*v3*v9-2*v6^2*v5*v4^2*v3*v9-4*v5^3*v4^2*v3*v9-2*v6^4*v3^2*v9+8*v7*v6^2*v5*v3^2*v9+8*v7^2*v5^2*v3^2*v9+4*v7*v5^3*v3^2*v9+2*v6^3*v4*v3^2*v9-8*v7*v6*v5*v4*v3^2*v9+10*v6*v5^2*v4*v3^2*v9-6*v6^2*v5*v3^3*v9-8*v7*v5^2*v3^3*v9+4*v7^2*v6^2*v5*v9^2+2*v7*v6^2*v5^2*v9^2+4*v7^2*v5^3*v9^2+2*v7*v5^4*v9^2-8*v7^2*v6*v5*v4*v9^2-v6^3*v5*v4*v9^2+8*v7*v6*v5^2*v4*v9^2-v6*v5^3*v4*v9^2+2*v6^2*v5*v4^2*v9^2+4*v5^3*v4^2*v9^2+6*v7^2*v6^2*v3*v9^2+v6^4*v3*v9^2-12*v7*v6^2*v5*v3*v9^2-2*v7^2*v5^2*v3*v9^2+v6^2*v5^2*v3*v9^2-4*v7*v5^3*v3*v9^2-12*v7^2*v6*v4*v3*v9^2-2*v6^3*v4*v3*v9^2+20*v7*v6*v5*v4*v3*v9^2-10*v6*v5^2*v4*v3*v9^2+6*v5^2*v4^2*v3*v9^2-12*v7*v6^2*v3^2*v9^2-12*v7^2*v5*v3^2*v9^2+6*v6^2*v5*v3^2*v9^2+8*v7*v5^2*v3^2*v9^2+12*v7*v6*v4*v3^2*v9^2-12*v6*v5*v4*v3^2*v9^2+6*v6^2*v3^3*v9^2+12*v7*v5*v3^3*v9^2-6*v7^2*v6^2*v9^3-6*v7^2*v5^2*v9^3+12*v7^2*v6*v4*v9^3-12*v7*v6*v5*v4*v9^3-6*v5^2*v4^2*v9^3+12*v7*v6^2*v3*v9^3+12*v7^2*v5*v3*v9^3-12*v7*v6*v4*v3*v9^3+12*v6*v5*v4*v3*v9^3-6*v6^2*v3^2*v9^3-12*v7*v5*v3^2*v9^3,v5*v4^6-v6*v4^5*v3+2*v5*v4^4*v3^2-2*v6*v4^3*v3^3+v5*v4^2*v3^4-v6*v4*v3^5,v7^3*v6*v5*v4*v3-v7^2*v6*v5^2*v4*v3-v7^3*v6^2*v3^2+v7^2*v6^2*v5*v3^2-v7^2*v6*v5*v4*v3^2+v7*v6*v5^2*v4*v3^2+v7^2*v6^2*v3^3-v7*v6^2*v5*v3^3-v7^3*v6*v5*v4*v9+v7^2*v6*v5^2*v4*v9-v7^3*v5^2*v3*v9+v7^2*v5^3*v3*v9-v7^3*v6*v4*v3*v9-v7^2*v6*v5*v4*v3*v9+2*v7*v6*v5^2*v4*v3*v9+v5^3*v4^2*v3*v9-v7^3*v5*v3^2*v9-2*v7*v6^2*v5*v3^2*v9-v7^2*v5^2*v3^2*v9+v7^2*v6*v4*v3^2*v9+2*v7*v6*v5*v4*v3^2*v9-3*v6*v5^2*v4*v3^2*v9+v7^2*v5*v3^3*v9+2*v6^2*v5*v3^3*v9+2*v7*v5^2*v3^3*v9+v7^3*v6^2*v9^2-v7^2*v6^2*v5*v9^2+v7^3*v5^2*v9^2-v7^2*v5^3*v9^2+v7^3*v6*v4*v9^2+2*v7^2*v6*v5*v4*v9^2-3*v7*v6*v5^2*v4*v9^2-v5^3*v4^2*v9^2-v7^2*v6^2*v3*v9^2+v7^3*v5*v3*v9^2+3*v7*v6^2*v5*v3*v9^2+v7^2*v5^2*v3*v9^2+2*v7^2*v6*v4*v3*v9^2-5*v7*v6*v5*v4*v3*v9^2+3*v6*v5^2*v4*v3*v9^2-v5^2*v4^2*v3*v9^2+2*v7*v6^2*v3^2*v9^2+2*v7^2*v5*v3^2*v9^2-2*v6^2*v5*v3^2*v9^2-3*v7*v5^2*v3^2*v9^2-3*v7*v6*v4*v3^2*v9^2+3*v6*v5*v4*v3^2*v9^2-2*v6^2*v3^3*v9^2-3*v7*v5*v3^3*v9^2-3*v7^2*v6*v4*v9^3+3*v7*v6*v5*v4*v9^3+v5^2*v4^2*v9^3-2*v7*v6^2*v3*v9^3-3*v7^2*v5*v3*v9^3+v7*v5^2*v3*v9^3+3*v7*v6*v4*v3*v9^3-3*v6*v5*v4*v3*v9^3+2*v6^2*v3^2*v9^3+3*v7*v5*v3^2*v9^3,v7^3*v5^2*v4*v3-v7^2*v5^3*v4*v3-v7^3*v6*v5*v3^2+v7^2*v6*v5^2*v3^2-v7^2*v5^2*v4*v3^2+v7*v5^3*v4*v3^2+v7^2*v6*v5*v3^3-v7*v6*v5^2*v3^3-v7^3*v5^2*v4*v9+v7^2*v5^3*v4*v9+v7^3*v6*v5*v3*v9-v7^2*v6*v5^2*v3*v9-v7^3*v5*v4*v3*v9+v7^2*v5^2*v4*v3*v9+v7^3*v6*v3^2*v9-v7^2*v6*v5*v3^2*v9+v7^2*v5*v4*v3^2*v9-v5^3*v4*v3^2*v9-v7^2*v6*v3^3*v9+v6*v5^2*v3^3*v9+v7^3*v5*v4*v9^2-v7*v5^3*v4*v9^2-v7^3*v6*v3*v9^2+v7*v6*v5^2*v3*v9^2-v7*v5^2*v4*v3*v9^2+v5^3*v4*v3*v9^2+v7*v6*v5*v3^2*v9^2-v6*v5^2*v3^2*v9^2-v7*v5*v4*v3^2*v9^2+v5^2*v4*v3^2*v9^2+v7*v6*v3^3*v9^2-v6*v5*v3^3*v9^2-v7^2*v5*v4*v9^3+v7*v5^2*v4*v9^3+v7^2*v6*v3*v9^3-v7*v6*v5*v3*v9^3+v7*v5*v4*v3*v9^3-v5^2*v4*v3*v9^3-v7*v6*v3^2*v9^3+v6*v5*v3^2*v9^3,v7*v6^2*v5*v4^2*v3-v7*v6^3*v4*v3^2-2*v7^2*v6*v5*v4*v3^2+v7*v6*v5^2*v4*v3^2+v5^3*v4^2*v3^2+2*v7^2*v6^2*v3^3-v7*v6^2*v5*v3^3+2*v7*v6*v5*v4*v3^3-2*v6*v5^2*v4*v3^3-2*v7*v6^2*v3^4+v6^2*v5*v3^4+2*v7*v6^3*v4*v3*v9+2*v7^2*v6*v5*v4*v3*v9+2*v7*v6^2*v5*v3^2*v9+2*v7^2*v5^2*v3^2*v9+2*v7^2*v6*v4*v3^2*v9-4*v7*v6*v5*v4*v3^2*v9+2*v6*v5^2*v4*v3^2*v9-3*v5^2*v4^2*v3^2*v9+v7*v6^2*v3^3*v9+2*v7^2*v5*v3^3*v9-2*v6^2*v5*v3^3*v9-3*v7*v5^2*v3^3*v9-2*v7*v6*v4*v3^3*v9+2*v6*v5*v4*v3^3*v9+v6^2*v3^4*v9-2*v7*v5*v3^4*v9-v7*v6^3*v4*v9^2-v7*v6*v5^2*v4*v9^2-v5^3*v4^2*v9^2-2*v7^2*v6^2*v3*v9^2-2*v7^2*v5^2*v3*v9^2-2*v7^2*v6*v4*v3*v9^2+2*v7*v6*v5*v4*v3*v9^2-2*v7*v6^2*v3^2*v9^2-2*v7^2*v5*v3^2*v9^2+v6^2*v5*v3^2*v9^2+2*v7*v6*v4*v3^2*v9^2-2*v6*v5*v4*v3^2*v9^2+2*v6^2*v3^3*v9^2+2*v7*v5*v3^3*v9^2+3*v5^2*v4^2*v9^3+3*v7*v6^2*v3*v9^3+3*v7*v5^2*v3*v9^3-3*v6^2*v3^2*v9^3,v7*v6*v5^2*v4^2*v3-2*v7^2*v5^2*v4*v3^2+2*v7*v5^3*v4*v3^2-v6*v5^2*v4^2*v3^2-v7*v6^3*v3^3+2*v7^2*v6*v5*v3^3-2*v7*v6*v5^2*v3^3+2*v7*v5^2*v4*v3^3-2*v5^3*v4*v3^3+v6^3*v3^4-2*v7*v6*v5*v3^4+2*v6*v5^2*v3^4+2*v7*v6^2*v5*v4*v3*v9+2*v7^2*v5^2*v4*v3*v9+4*v6*v5^2*v4^2*v3*v9+2*v7*v6^3*v3^2*v9-2*v7^2*v6*v5*v3^2*v9+4*v7*v6*v5^2*v3^2*v9-v7*v6^2*v4*v3^2*v9+2*v7^2*v5*v4*v3^2*v9-2*v6^2*v5*v4*v3^2*v9-5*v7*v5^2*v4*v3^2*v9-v6*v5*v4^2*v3^2*v9-2*v7^2*v6*v3^3*v9-2*v6^3*v3^3*v9+4*v7*v6*v5*v3^3*v9+v6^2*v4*v3^3*v9-2*v7*v5*v4*v3^3*v9+3*v5^2*v4*v3^3*v9+2*v7*v6*v3^4*v9-3*v6*v5*v3^4*v9-2*v7*v6^2*v5*v4*v9^2-2*v7*v5^3*v4*v9^2-3*v6*v5^2*v4^2*v9^2-v7*v6^3*v3*v9^2-v7*v6*v5^2*v3*v9^2-2*v7^2*v5*v4*v3*v9^2+2*v6^2*v5*v4*v3*v9^2+2*v7*v5^2*v4*v3*v9^2+2*v5^3*v4*v3*v9^2+2*v7^2*v6*v3^2*v9^2+v6^3*v3^2*v9^2-2*v7*v6*v5*v3^2*v9^2-2*v6*v5^2*v3^2*v9^2+2*v7*v5*v4*v3^2*v9^2-2*v5^2*v4*v3^2*v9^2-2*v7*v6*v3^3*v9^2+2*v6*v5*v3^3*v9^2+v7*v6^2*v4*v9^3+v7*v5^2*v4*v9^3+v6*v5*v4^2*v9^3-v6^2*v4*v3*v9^3-v5^2*v4*v3*v9^3+v6*v5*v3^2*v9^3,v7*v5^3*v4^2*v3+2*v7^2*v6*v5*v4*v3^2-2*v7*v6*v5^2*v4*v3^2-v5^3*v4^2*v3^2-2*v7^2*v6^2*v3^3+v7*v6^2*v5*v3^3-2*v7*v6*v5*v4*v3^3+2*v6*v5^2*v4*v3^3+2*v7*v6^2*v3^4-v6^2*v5*v3^4-2*v7^2*v6*v5*v4*v3*v9+2*v7*v6*v5^2*v4*v3*v9-2*v7*v6^2*v5*v3^2*v9-2*v7^2*v5^2*v3^2*v9-2*v7^2*v6*v4*v3^2*v9+4*v7*v6*v5*v4*v3^2*v9-2*v6*v5^2*v4*v3^2*v9+3*v5^2*v4^2*v3^2*v9+v7*v6^2*v3^3*v9-2*v7^2*v5*v3^3*v9+2*v6^2*v5*v3^3*v9+5*v7*v5^2*v3^3*v9+2*v7*v6*v4*v3^3*v9-2*v6*v5*v4*v3^3*v9-v6^2*v3^4*v9+2*v7*v5*v3^4*v9+v5^3*v4^2*v9^2+2*v7^2*v6^2*v3*v9^2+v7*v6^2*v5*v3*v9^2+2*v7^2*v5^2*v3*v9^2+v7*v5^3*v3*v9^2+2*v7^2*v6*v4*v3*v9^2-2*v7*v6*v5*v4*v3*v9^2+2*v7^2*v5*v3^2*v9^2-v6^2*v5*v3^2*v9^2-2*v7*v5^2*v3^2*v9^2-2*v7*v6*v4*v3^2*v9^2+2*v6*v5*v4*v3^2*v9^2-2*v6^2*v3^3*v9^2-2*v7*v5*v3^3*v9^2-3*v5^2*v4^2*v9^3-3*v7*v6^2*v3*v9^3-3*v7*v5^2*v3*v9^3+3*v6^2*v3^2*v9^3,v5*v4^5*v3-v6*v4^4*v3^2+2*v5*v4^3*v3^3-2*v6*v4^2*v3^4+v5*v4*v3^5-v6*v3^6,v7*v6^2*v5*v4*v3^2+v7*v5^3*v4*v3^2-v7*v6^3*v3^3-v7*v6*v5^2*v3^3+2*v7*v6^3*v3^2*v9+2*v7*v6*v5^2*v3^2*v9-2*v7*v6^2*v4*v3^2*v9-2*v7*v5^2*v4*v3^2*v9-v7*v6^2*v5*v4*v9^2-v7*v5^3*v4*v9^2-v7*v6^3*v3*v9^2-v7*v6*v5^2*v3*v9^2+2*v7*v6^2*v4*v3*v9^2+2*v7*v5^2*v4*v3*v9^2,v6^2*v5*v4^2*v3^2+v5^3*v4^2*v3^2-v6^3*v4*v3^3-v6*v5^2*v4*v3^3-2*v6^2*v5*v4^2*v3*v9+2*v6^3*v4*v3^2*v9+2*v6*v5^2*v4*v3^2*v9-2*v5^2*v4^2*v3^2*v9-2*v6^2*v5*v3^3*v9+2*v6^2*v3^4*v9+v6^2*v5*v4^2*v9^2-v5^3*v4^2*v9^2-v6^3*v4*v3*v9^2-v6*v5^2*v4*v3*v9^2+2*v5^2*v4^2*v3*v9^2+2*v6^2*v5*v3^2*v9^2-2*v6^2*v3^3*v9^2,v6^2*v5*v4*v3^3+v5^3*v4*v3^3-v6^3*v3^4-v6*v5^2*v3^4-2*v6*v5^2*v4^2*v3*v9+2*v6*v5*v4^2*v3^2*v9+2*v6^3*v3^3*v9-2*v6^2*v4*v3^3*v9-2*v5^2*v4*v3^3*v9+2*v6*v5*v3^4*v9+2*v6*v5^2*v4^2*v9^2-v6^2*v5*v4*v3*v9^2-v5^3*v4*v3*v9^2-2*v6*v5*v4^2*v3*v9^2-v6^3*v3^2*v9^2+v6*v5^2*v3^2*v9^2+2*v6^2*v4*v3^2*v9^2+2*v5^2*v4*v3^2*v9^2-2*v6*v5*v3^3*v9^2,v7^2*v6^4*v9+2*v7^2*v6^2*v5^2*v9+v7^2*v5^4*v9+2*v7*v6^3*v5*v4*v9+2*v7*v6*v5^3*v4*v9+v6^2*v5^2*v4^2*v9+v5^4*v4^2*v9-2*v7*v6^4*v3*v9-2*v7*v6^2*v5^2*v3*v9-2*v7*v6^3*v4*v3*v9-8*v7^2*v6*v5*v4*v3*v9-2*v6^3*v5*v4*v3*v9+6*v7*v6*v5^2*v4*v3*v9-2*v6*v5^3*v4*v3*v9-2*v6^2*v5*v4^2*v3*v9+2*v5^3*v4^2*v3*v9+v6^4*v3^2*v9-6*v7*v6^2*v5*v3^2*v9-8*v7^2*v5^2*v3^2*v9+v6^2*v5^2*v3^2*v9+2*v7*v5^3*v3^2*v9+2*v6^3*v4*v3^2*v9+8*v7*v6*v5*v4*v3^2*v9-6*v6*v5^2*v4*v3^2*v9+4*v6^2*v5*v3^3*v9+8*v7*v5^2*v3^3*v9-4*v7^2*v6^2*v5*v9^2-4*v7^2*v5^3*v9^2+8*v7^2*v6*v5*v4*v9^2-8*v7*v6*v5^2*v4*v9^2-4*v5^3*v4^2*v9^2+8*v7*v6^2*v5*v3*v9^2+8*v7^2*v5^2*v3*v9^2+8*v7^2*v6*v4*v3*v9^2-16*v7*v6*v5*v4*v3*v9^2+8*v6*v5^2*v4*v3*v9^2+8*v7*v6^2*v3^2*v9^2+8*v7^2*v5*v3^2*v9^2-4*v6^2*v5*v3^2*v9^2-8*v7*v5^2*v3^2*v9^2-8*v7*v6*v4*v3^2*v9^2+8*v6*v5*v4*v3^2*v9^2-8*v6^2*v3^3*v9^2-8*v7*v5*v3^3*v9^2+4*v7^2*v6^2*v9^3+4*v7^2*v5^2*v9^3-8*v7^2*v6*v4*v9^3+8*v7*v6*v5*v4*v9^3-12*v7*v6^2*v3*v9^3-8*v7^2*v5*v3*v9^3-4*v7*v5^2*v3*v9^3+8*v7*v6*v4*v3*v9^3-8*v6*v5*v4*v3*v9^3+8*v6^2*v3^2*v9^3+8*v7*v5*v3^2*v9^3,v7^2*v6^3*v4*v9+v7^2*v6*v5^2*v4*v9-2*v7*v6^3*v4*v3*v9-2*v7^2*v6*v5*v4*v3*v9-v6^2*v5*v4^2*v3*v9-2*v7*v6^2*v5*v3^2*v9-2*v7^2*v5^2*v3^2*v9+v6^3*v4*v3^2*v9+2*v7*v6*v5*v4*v3^2*v9-v6*v5^2*v4*v3^2*v9+v6^2*v5*v3^3*v9+2*v7*v5^2*v3^3*v9-v7^2*v6^2*v5*v9^2-v7^2*v5^3*v9^2+2*v7^2*v6*v5*v4*v9^2-2*v7*v6*v5^2*v4*v9^2-v5^3*v4^2*v9^2+v7^2*v6^2*v3*v9^2+2*v7*v6^2*v5*v3*v9^2+3*v7^2*v5^2*v3*v9^2+2*v7^2*v6*v4*v3*v9^2-4*v7*v6*v5*v4*v3*v9^2+2*v6*v5^2*v4*v3*v9^2+v5^2*v4^2*v3*v9^2+2*v7*v6^2*v3^2*v9^2+2*v7^2*v5*v3^2*v9^2-v6^2*v5*v3^2*v9^2-2*v7*v5^2*v3^2*v9^2-2*v7*v6*v4*v3^2*v9^2+2*v6*v5*v4*v3^2*v9^2-3*v6^2*v3^3*v9^2-2*v7*v5*v3^3*v9^2+v7^2*v6^2*v9^3+v7^2*v5^2*v9^3-2*v7^2*v6*v4*v9^3+2*v7*v6*v5*v4*v9^3-v5^2*v4^2*v9^3-4*v7*v6^2*v3*v9^3-2*v7^2*v5*v3*v9^3-2*v7*v5^2*v3*v9^3+2*v7*v6*v4*v3*v9^3-2*v6*v5*v4*v3*v9^3+3*v6^2*v3^2*v9^3+2*v7*v5*v3^2*v9^3,v7^3*v6^2*v3*v9+v7^3*v5^2*v3*v9-v7*v6^2*v3^3*v9-v7*v5^2*v3^3*v9-v7^3*v6^2*v9^2-v7^3*v5^2*v9^2-v7^2*v6^2*v3*v9^2-v7^2*v5^2*v3*v9^2-v5^2*v4^2*v3*v9^2+v7*v6^2*v3^2*v9^2+v7*v5^2*v3^2*v9^2+v6^2*v3^3*v9^2+v7^2*v6^2*v9^3+v7^2*v5^2*v9^3+v5^2*v4^2*v9^3-v6^2*v3^2*v9^3,2*v7^2*v6^3*v3*v9+2*v7^2*v6*v5^2*v3*v9-2*v7*v6^3*v3^2*v9-2*v7*v6*v5^2*v3^2*v9-v6^2*v5*v4*v3^2*v9-v5^3*v4*v3^2*v9+v6^3*v3^3*v9+v6*v5^2*v3^3*v9-2*v7^2*v6^3*v9^2-2*v7^2*v6*v5^2*v9^2-2*v6*v5*v4^2*v3*v9^2+2*v6^2*v4*v3^2*v9^2+2*v5^2*v4*v3^2*v9^2-2*v6*v5*v3^3*v9^2+2*v7*v6^3*v9^3+2*v7*v6*v5^2*v9^3+v6^2*v5*v4*v9^3+v5^3*v4*v9^3+2*v6*v5*v4^2*v9^3-v6^3*v3*v9^3-v6*v5^2*v3*v9^3-2*v6^2*v4*v3*v9^3-2*v5^2*v4*v3*v9^3+2*v6*v5*v3^2*v9^3,v7^2*v6^2*v5*v3*v9+v7^2*v5^3*v3*v9-2*v7^2*v6*v5*v4*v3*v9+2*v7*v6*v5^2*v4*v3*v9+v5^3*v4^2*v3*v9-2*v7*v6^2*v5*v3^2*v9-2*v7^2*v5^2*v3^2*v9+2*v7*v6*v5*v4*v3^2*v9-2*v6*v5^2*v4*v3^2*v9+v6^2*v5*v3^3*v9+2*v7*v5^2*v3^3*v9-v7^2*v6^2*v5*v9^2-v7^2*v5^3*v9^2+2*v7^2*v6*v5*v4*v9^2-2*v7*v6*v5^2*v4*v9^2-v5^3*v4^2*v9^2-v7^2*v6^2*v3*v9^2+2*v7*v6^2*v5*v3*v9^2+v7^2*v5^2*v3*v9^2+2*v7^2*v6*v4*v3*v9^2-4*v7*v6*v5*v4*v3*v9^2+2*v6*v5^2*v4*v3*v9^2-v5^2*v4^2*v3*v9^2+2*v7*v6^2*v3^2*v9^2+2*v7^2*v5*v3^2*v9^2-v6^2*v5*v3^2*v9^2-2*v7*v5^2*v3^2*v9^2-2*v7*v6*v4*v3^2*v9^2+2*v6*v5*v4*v3^2*v9^2-v6^2*v3^3*v9^2-2*v7*v5*v3^3*v9^2+v7^2*v6^2*v9^3+v7^2*v5^2*v9^3-2*v7^2*v6*v4*v9^3+2*v7*v6*v5*v4*v9^3+v5^2*v4^2*v9^3-2*v7*v6^2*v3*v9^3-2*v7^2*v5*v3*v9^3+2*v7*v6*v4*v3*v9^3-2*v6*v5*v4*v3*v9^3+v6^2*v3^2*v9^3+2*v7*v5*v3^2*v9^3,v7^2*v6^2*v4*v3*v9+v7^2*v5^2*v4*v3*v9-v7*v6^2*v4*v3^2*v9-v7*v5^2*v4*v3^2*v9-v7^2*v6^2*v4*v9^2-v7^2*v5^2*v4*v9^2-v6*v5*v4^2*v3*v9^2+v6^2*v4*v3^2*v9^2+v5^2*v4*v3^2*v9^2-v6*v5*v3^3*v9^2+v7*v6^2*v4*v9^3+v7*v5^2*v4*v9^3+v6*v5*v4^2*v9^3-v6^2*v4*v3*v9^3-v5^2*v4*v3*v9^3+v6*v5*v3^2*v9^3,v7^2*v6^2*v3^2*v9+v7^2*v5^2*v3^2*v9-v7*v6^2*v3^3*v9-v7*v5^2*v3^3*v9-v7^2*v6^2*v3*v9^2-v7^2*v5^2*v3*v9^2-v5^2*v4^2*v3*v9^2+v6^2*v3^3*v9^2+v5^2*v4^2*v9^3+v7*v6^2*v3*v9^3+v7*v5^2*v3*v9^3-v6^2*v3^2*v9^3,v7^2*v6^2*v5*v4+v7^2*v5^3*v4-v7^2*v6^3*v3-v7^2*v6*v5^2*v3+2*v7^2*v6^3*v9+2*v7^2*v6*v5^2*v9-2*v7^2*v6^2*v4*v9-2*v7^2*v5^2*v4*v9-2*v7*v6^3*v9^2-2*v7*v6*v5^2*v9^2+2*v7*v6^2*v4*v9^2-v6^2*v5*v4*v9^2+2*v7*v5^2*v4*v9^2-v5^3*v4*v9^2+v6^3*v3*v9^2+v6*v5^2*v3*v9^2,v7^2*v6*v5*v4^2-v7^2*v6^2*v4*v3-v7^2*v5^2*v4*v3-v7*v6*v5*v4^2*v3+v7^2*v6*v5*v3^2+v7*v6^2*v4*v3^2+v7*v5^2*v4*v3^2-v7*v6*v5*v3^3+v7^2*v6^2*v4*v9+v7^2*v5^2*v4*v9+v6*v5*v4^2*v3*v9-v6^2*v4*v3^2*v9-v5^2*v4*v3^2*v9+v6*v5*v3^3*v9-v7*v6^2*v4*v9^2-v7*v5^2*v4*v9^2-v6*v5*v4^2*v9^2+v6^2*v4*v3*v9^2+v5^2*v4*v3*v9^2-v6*v5*v3^2*v9^2,v7^2*v5^2*v4^2-v7*v5^2*v4^2*v3-v7^2*v6^2*v3^2+v7*v6^2*v3^3+v7^2*v6^2*v3*v9+v7^2*v5^2*v3*v9+v5^2*v4^2*v3*v9-v6^2*v3^3*v9-v5^2*v4^2*v9^2-v7*v6^2*v3*v9^2-v7*v5^2*v3*v9^2+v6^2*v3^2*v9^2,v7^2*v5*v4^3-v7^2*v6*v4^2*v3+v7^2*v5*v4*v3^2-v7^2*v6*v3^3,v7*v6*v5*v4^3-v7*v6^2*v4^2*v3+v7*v6*v5*v4*v3^2-v7*v6^2*v3^3,v6^2*v5*v4^3-v6^3*v4^2*v3+v6^2*v5*v4*v3^2-v6^3*v3^3,v7*v5^2*v4^3-v7*v6*v5*v4^2*v3+v7*v5^2*v4*v3^2-v7*v6*v5*v3^3,v6*v5^2*v4^3-v6^2*v5*v4^2*v3+v6*v5^2*v4*v3^2-v6^2*v5*v3^3,v5^3*v4^3-v6*v5^2*v4^2*v3+v5^3*v4*v3^2-v6*v5^2*v3^3,v7*v5*v4^4-v7*v6*v4^3*v3+v7*v5*v4^2*v3^2-v7*v6*v4*v3^3,v6*v5*v4^4-v6^2*v4^3*v3+v6*v5*v4^2*v3^2-v6^2*v4*v3^3,v5^2*v4^4-v6^2*v4^2*v3^2+v5^2*v4^2*v3^2-v6^2*v3^4,v7*v5*v4^3*v3-v7*v6*v4^2*v3^2+v7*v5*v4*v3^3-v7*v6*v3^4,v6*v5*v4^3*v3-v6^2*v4^2*v3^2+v6*v5*v4*v3^3-v6^2*v3^4,v5^2*v4^3*v3-v6*v5*v4^2*v3^2+v5^2*v4*v3^3-v6*v5*v3^4,v6*v5*v4^3*v9-v6^2*v4^2*v3*v9+v6*v5*v4*v3^2*v9-v6^2*v3^3*v9,v5^2*v4^3*v9-v6*v5*v4^2*v3*v9+v5^2*v4*v3^2*v9-v6*v5*v3^3*v9,v5*v4^4*v9-v6*v4^3*v3*v9+v5*v4^2*v3^2*v9-v6*v4*v3^3*v9,v5*v4^3*v3*v9-v6*v4^2*v3^2*v9+v5*v4*v3^3*v9-v6*v3^4*v9,v5*v4^3*v9^2-v6*v4^2*v3*v9^2+v5*v4*v3^2*v9^2-v6*v3^3*v9^2,v7*v6*v4^2*v9+v7*v6*v3^2*v9,v7*v5*v4^2*v9+v7*v5*v3^2*v9]
