1>> eliminate([2*v9+-1*v3,2*v10+-1*v4,2*v11+-1*v5+-1*v3,2*v12+-1*v6+-1*v4,2*v13+-1*v7+-1*v5,2*v14+-1*v8+-1*v6,2*v15+-1*v7,2*v16+-1*v8,-1*v17*v12+v18*v11+v17*v8+-1*v11*v8+-1*v18*v7+v12*v7,-1*v17*v14+v18*v13+v17*v4+-1*v13*v4+-1*v18*v3+v14*v3,-1*v19*v14+v20*v13,v19*v16+-1*v20*v15+-1*v19*v6+v15*v6+v20*v5+-1*v16*v5,-1*v21*v10+v22*v9+v21*v6+-1*v9*v6+-1*v22*v5+v10*v5,-1*v21*v12+v22*v11,v23*v22+-1*v24*v21+-1*v23*v8+v21*v8+v24*v7+-1*v22*v7,-1*v23*v20+v24*v19+v23*v4+-1*v19*v4+-1*v24*v3+v20*v3,-1+v25*v23*v18+-1*v25*v24*v17],revlist([v9,v10,v11,v12,v13,v14,v15,v17,v16,v19,v18,v21,v20,v23,v22,v25,v24]))
1<< [2*v4^2*v6^2*v7^3*v3-3*v4*v6^3*v7^3*v3+v6^4*v7^3*v3+3*v4*v6^3*v7^2*v3^2-2*v6^4*v7^2*v3^2-4*v4*v6^2*v8*v7^2*v3^2+3*v6^3*v8*v7^2*v3^2+v6^4*v7*v3^3-3*v6^3*v8*v7*v3^3+2*v6^2*v8^2*v7*v3^3-2*v4^3*v6*v7^3*v5+3*v4^2*v6^2*v7^3*v5-v4*v6^3*v7^3*v5-6*v4^2*v6^2*v7^2*v3*v5+4*v4*v6^3*v7^2*v3*v5+2*v4^2*v6*v8*v7^2*v3*v5+3*v4*v6^2*v8*v7^2*v3*v5-3*v6^3*v8*v7^2*v3*v5-3*v4*v6^3*v7*v3^2*v5+3*v4*v6^2*v8*v7*v3^2*v5+4*v6^3*v8*v7*v3^2*v5+2*v4*v6*v8^2*v7*v3^2*v5-6*v6^2*v8^2*v7*v3^2*v5-v6^3*v8*v3^3*v5+3*v6^2*v8^2*v3^3*v5-2*v6*v8^3*v3^3*v5+3*v4^3*v6*v7^2*v5^2-2*v4^2*v6^2*v7^2*v5^2+2*v4^3*v8*v7^2*v5^2-6*v4^2*v6*v8*v7^2*v5^2+3*v4*v6^2*v8*v7^2*v5^2+3*v4^2*v6^2*v7*v3*v5^2+3*v4^2*v6*v8*v7*v3*v5^2-8*v4*v6^2*v8*v7*v3*v5^2-4*v4^2*v8^2*v7*v3*v5^2+3*v4*v6*v8^2*v7*v3*v5^2+3*v6^2*v8^2*v7*v3*v5^2+3*v4*v6^2*v8*v3^2*v5^2-6*v4*v6*v8^2*v3^2*v5^2-2*v6^2*v8^2*v3^2*v5^2+2*v4*v8^3*v3^2*v5^2+3*v6*v8^3*v3^2*v5^2-v4^3*v6*v7*v5^3-3*v4^3*v8*v7*v5^3+4*v4^2*v6*v8*v7*v5^3+3*v4^2*v8^2*v7*v5^3-3*v4*v6*v8^2*v7*v5^3-3*v4^2*v6*v8*v3*v5^3+3*v4^2*v8^2*v3*v5^3+4*v4*v6*v8^2*v3*v5^3-3*v4*v8^3*v3*v5^3-v6*v8^3*v3*v5^3+v4^3*v8*v5^4-2*v4^2*v8^2*v5^4+v4*v8^3*v5^4]
