Running a probabilistic check for the reconstructed Groebner basis. If successful, error probability is less than 1e-07 and is estimated to be less than 10^-18. Use proba_epsilon:=0 to certify (this takes more time).
// Groebner basis computation time 3.36522 Memory -1e-06M
